ARM Linker, 4.1 [Build 481] [Standard]

==============================================================================

Section Cross References

    stm32f10x_rcc.o(i.RCC_GetClocksFreq) refers to stm32f10x_rcc.o(.data) for APBAHBPrescTable
    stm32f10x_rcc.o(i.RCC_WaitForHSEStartUp) refers to stm32f10x_rcc.o(i.RCC_GetFlagStatus) for RCC_GetFlagStatus
    stm32f10x_gpio.o(i.GPIO_AFIODeInit) refers to stm32f10x_rcc.o(i.RCC_APB2PeriphResetCmd) for RCC_APB2PeriphResetCmd
    stm32f10x_gpio.o(i.GPIO_DeInit) refers to stm32f10x_rcc.o(i.RCC_APB2PeriphResetCmd) for RCC_APB2PeriphResetCmd
    stm32f10x_tim.o(i.TIM_DeInit) refers to stm32f10x_rcc.o(i.RCC_APB2PeriphResetCmd) for RCC_APB2PeriphResetCmd
    stm32f10x_tim.o(i.TIM_DeInit) refers to stm32f10x_rcc.o(i.RCC_APB1PeriphResetCmd) for RCC_APB1PeriphResetCmd
    stm32f10x_tim.o(i.TIM_ETRClockMode1Config) refers to stm32f10x_tim.o(i.TIM_ETRConfig) for TIM_ETRConfig
    stm32f10x_tim.o(i.TIM_ETRClockMode2Config) refers to stm32f10x_tim.o(i.TIM_ETRConfig) for TIM_ETRConfig
    stm32f10x_tim.o(i.TIM_ICInit) refers to stm32f10x_tim.o(i.TI1_Config) for TI1_Config
    stm32f10x_tim.o(i.TIM_ICInit) refers to stm32f10x_tim.o(i.TIM_SetIC1Prescaler) for TIM_SetIC1Prescaler
    stm32f10x_tim.o(i.TIM_ICInit) refers to stm32f10x_tim.o(i.TI2_Config) for TI2_Config
    stm32f10x_tim.o(i.TIM_ICInit) refers to stm32f10x_tim.o(i.TIM_SetIC2Prescaler) for TIM_SetIC2Prescaler
    stm32f10x_tim.o(i.TIM_ICInit) refers to stm32f10x_tim.o(i.TI3_Config) for TI3_Config
    stm32f10x_tim.o(i.TIM_ICInit) refers to stm32f10x_tim.o(i.TIM_SetIC3Prescaler) for TIM_SetIC3Prescaler
    stm32f10x_tim.o(i.TIM_ICInit) refers to stm32f10x_tim.o(i.TI4_Config) for TI4_Config
    stm32f10x_tim.o(i.TIM_ICInit) refers to stm32f10x_tim.o(i.TIM_SetIC4Prescaler) for TIM_SetIC4Prescaler
    stm32f10x_tim.o(i.TIM_ITRxExternalClockConfig) refers to stm32f10x_tim.o(i.TIM_SelectInputTrigger) for TIM_SelectInputTrigger
    stm32f10x_tim.o(i.TIM_PWMIConfig) refers to stm32f10x_tim.o(i.TI1_Config) for TI1_Config
    stm32f10x_tim.o(i.TIM_PWMIConfig) refers to stm32f10x_tim.o(i.TIM_SetIC1Prescaler) for TIM_SetIC1Prescaler
    stm32f10x_tim.o(i.TIM_PWMIConfig) refers to stm32f10x_tim.o(i.TI2_Config) for TI2_Config
    stm32f10x_tim.o(i.TIM_PWMIConfig) refers to stm32f10x_tim.o(i.TIM_SetIC2Prescaler) for TIM_SetIC2Prescaler
    stm32f10x_tim.o(i.TIM_TIxExternalClockConfig) refers to stm32f10x_tim.o(i.TI2_Config) for TI2_Config
    stm32f10x_tim.o(i.TIM_TIxExternalClockConfig) refers to stm32f10x_tim.o(i.TI1_Config) for TI1_Config
    stm32f10x_tim.o(i.TIM_TIxExternalClockConfig) refers to stm32f10x_tim.o(i.TIM_SelectInputTrigger) for TIM_SelectInputTrigger
    stm32f10x_usart.o(i.USART_DeInit) refers to stm32f10x_rcc.o(i.RCC_APB2PeriphResetCmd) for RCC_APB2PeriphResetCmd
    stm32f10x_usart.o(i.USART_DeInit) refers to stm32f10x_rcc.o(i.RCC_APB1PeriphResetCmd) for RCC_APB1PeriphResetCmd
    stm32f10x_usart.o(i.USART_Init) refers to stm32f10x_rcc.o(i.RCC_GetClocksFreq) for RCC_GetClocksFreq
    stm32f10x_flash.o(i.FLASH_EnableWriteProtection) refers to stm32f10x_flash.o(i.FLASH_WaitForLastOperation) for FLASH_WaitForLastOperation
    stm32f10x_flash.o(i.FLASH_EraseAllPages) refers to stm32f10x_flash.o(i.FLASH_WaitForLastOperation) for FLASH_WaitForLastOperation
    stm32f10x_flash.o(i.FLASH_EraseOptionBytes) refers to stm32f10x_flash.o(i.FLASH_WaitForLastOperation) for FLASH_WaitForLastOperation
    stm32f10x_flash.o(i.FLASH_ErasePage) refers to stm32f10x_flash.o(i.FLASH_WaitForLastOperation) for FLASH_WaitForLastOperation
    stm32f10x_flash.o(i.FLASH_ProgramHalfWord) refers to stm32f10x_flash.o(i.FLASH_WaitForLastOperation) for FLASH_WaitForLastOperation
    stm32f10x_flash.o(i.FLASH_ProgramOptionByteData) refers to stm32f10x_flash.o(i.FLASH_WaitForLastOperation) for FLASH_WaitForLastOperation
    stm32f10x_flash.o(i.FLASH_ProgramWord) refers to stm32f10x_flash.o(i.FLASH_WaitForLastOperation) for FLASH_WaitForLastOperation
    stm32f10x_flash.o(i.FLASH_ReadOutProtection) refers to stm32f10x_flash.o(i.FLASH_WaitForLastOperation) for FLASH_WaitForLastOperation
    stm32f10x_flash.o(i.FLASH_UserOptionByteConfig) refers to stm32f10x_flash.o(i.FLASH_WaitForLastOperation) for FLASH_WaitForLastOperation
    stm32f10x_flash.o(i.FLASH_WaitForLastOperation) refers to stm32f10x_flash.o(i.FLASH_GetStatus) for FLASH_GetStatus
    stm32f10x_flash.o(i.FLASH_WaitForLastOperation) refers to stm32f10x_flash.o(i.delay) for delay
    stm32f10x_spi.o(i.I2S_Init) refers to stm32f10x_rcc.o(i.RCC_GetClocksFreq) for RCC_GetClocksFreq
    stm32f10x_spi.o(i.SPI_I2S_DeInit) refers to stm32f10x_rcc.o(i.RCC_APB2PeriphResetCmd) for RCC_APB2PeriphResetCmd
    stm32f10x_spi.o(i.SPI_I2S_DeInit) refers to stm32f10x_rcc.o(i.RCC_APB1PeriphResetCmd) for RCC_APB1PeriphResetCmd
    stm32f10x_bkp.o(i.BKP_DeInit) refers to stm32f10x_rcc.o(i.RCC_BackupResetCmd) for RCC_BackupResetCmd
[...]
    USART_SendData                           0x0800bfaf   Thumb Code     8  stm32f10x_usart.o(i.USART_SendData)
    USARTx_IRQProcess                        0x0800bfb9   Thumb Code   198  usart.o(i.USARTx_IRQProcess)
    USB_Cable_Config                         0x0800c099   Thumb Code     2  hw_config.o(i.USB_Cable_Config)
    USB_Class_Data_Setup                     0x0800c09d   Thumb Code    72  usb_prop.o(i.USB_Class_Data_Setup)
    USB_Init                                 0x0800c0ed   Thumb Code    36  usb_init.o(i.USB_Init)
    USB_Interrupts_Config                    0x0800c129   Thumb Code    72  hw_config.o(i.USB_Interrupts_Config)
    USB_Istr                                 0x0800c171   Thumb Code   228  usb_istr.o(i.USB_Istr)
    USB_LP_CAN1_RX0_IRQHandler               0x0800c26d   Thumb Code     8  stm32f10x_it.o(i.USB_LP_CAN1_RX0_IRQHandler)
    USB_SIL_Read                             0x0800c275   Thumb Code    46  usb_sil.o(i.USB_SIL_Read)
    USB_SIL_Write                            0x0800c2a3   Thumb Code    46  usb_sil.o(i.USB_SIL_Write)
    UTF8ToUnicode                            0x0800c2d1   Thumb Code   224  display.o(i.UTF8ToUnicode)
    UsageFault_Handler                       0x0800c3b1   Thumb Code     4  stm32f10x_it.o(i.UsageFault_Handler)
    UserToPMABufferCopy                      0x0800c3b5   Thumb Code    52  usb_mem.o(i.UserToPMABufferCopy)
    WEL_CheckFingerExist                     0x0800c3ed   Thumb Code   212  ts36ebg.o(i.WEL_CheckFingerExist)
    WEL_FromTransforSequence                 0x0800c4cd   Thumb Code    48  ts36ebg.o(i.WEL_FromTransforSequence)
    WEL_Init                                 0x0800c4fd   Thumb Code    22  ts36ebg.o(i.WEL_Init)
    WEL_Init_Image                           0x0800c519   Thumb Code    22  ts36ebg.o(i.WEL_Init_Image)
    WEL_RecieveData                          0x0800c535   Thumb Code    80  ts36ebg.o(i.WEL_RecieveData)
    WEL_SendData                             0x0800c589   Thumb Code    28  ts36ebg.o(i.WEL_SendData)
    WEL_ToTransforSequence                   0x0800c5a9   Thumb Code    52  ts36ebg.o(i.WEL_ToTransforSequence)
    WWDG_IRQHandler                          0x0800c5dd   Thumb Code    12  stm32f10x_it.o(i.WWDG_IRQHandler)
    WordHtoL                                 0x0800c5ed   Thumb Code    12  usb_support.o(i.WordHtoL)
    Write_Memory                             0x0800c5f9   Thumb Code     2  memory.o(i.Write_Memory)
    __scatterload_copy                       0x0800c5fb   Thumb Code    14  handlers.o(i.__scatterload_copy)
    __scatterload_null                       0x0800c609   Thumb Code     2  handlers.o(i.__scatterload_null)
    __scatterload_zeroinit                   0x0800c60b   Thumb Code    14  handlers.o(i.__scatterload_zeroinit)
    ad_get                                   0x0800c619   Thumb Code    54  main.o(i.ad_get)
    beep_con                                 0x0800c655   Thumb Code    40  times.o(i.beep_con)
    beep_off                                 0x0800c67d   Thumb Code    14  times.o(i.beep_off)
    beep_on                                  0x0800c691   Thumb Code    46  times.o(i.beep_on)
    bit2byte                                 0x0800c6c5   Thumb Code    58  des_fun.o(i.bit2byte)
    byte2bit                                 0x0800c6ff   Thumb Code    60  des_fun.o(i.byte2bit)
    checkBCC                                 0x0800c73b   Thumb Code    32  iso14443.o(i.checkBCC)
    clk_gpio_config                          0x0800c75d   Thumb Code    50  v_sam.o(i.clk_gpio_config)
    close_time5_isr                          0x0800c795   Thumb Code    22  ifd.o(i.close_time5_isr)
    cmd_0000                                 0x0800c7b1   Thumb Code    96  cmd.o(i.cmd_0000)
    cmd_0084                                 0x0800c819   Thumb Code   262  cmd.o(i.cmd_0084)
    cmd_F000                                 0x0800c941   Thumb Code  6940  cmd.o(i.cmd_F000)
    cmd_F001                                 0x0800e479   Thumb Code   532  cmd.o(i.cmd_F001)
    cmd_F002                                 0x0800e6a5   Thumb Code   302  bluetooth.o(i.cmd_F002)
    delay_ms1                                0x0800e7fb   Thumb Code    28  iso14443.o(i.delay_ms1)
    delay_ms_g                               0x0800e817   Thumb Code    10  magcardttl.o(i.delay_ms_g)
    eflash_read                              0x0800e821   Thumb Code    24  mem.o(i.eflash_read)
    eflash_sector_program                    0x0800e839   Thumb Code    68  mem.o(i.eflash_sector_program)
    end_adc                                  0x0800e881   Thumb Code    38  ad.o(i.end_adc)
    for_us                                   0x0800e8b1   Thumb Code    20  v_sam.o(i.for_us)
    getPinBlock                              0x0800e8c5   Thumb Code   198  cmd.o(i.getPinBlock)
    get_key                                  0x0800e98d   Thumb Code   368  main.o(i.get_key)
    init                                     0x0800eb05   Thumb Code    12  main.o(i.init)
    init_led                                 0x0800eba5   Thumb Code     2  main.o(i.init_led)
    init_sam_v                               0x0800eba9   Thumb Code    60  v_sam.o(i.init_sam_v)
    init_sam_v_gpio                          0x0800ebed   Thumb Code    96  v_sam.o(i.init_sam_v_gpio)
    init_spix                                0x0800ec51   Thumb Code    22  spi.o(i.init_spix)
    init_spix_config                         0x0800ec69   Thumb Code   102  spi.o(i.init_spix_config)
    init_spix_gpio                           0x0800ecd5   Thumb Code   106  spi.o(i.init_spix_gpio)
    init_usartx                              0x0800ed51   Thumb Code    28  usart.o(i.init_usartx)
    init_usartx_c                            0x0800ed6d   Thumb Code    22  usart.o(i.init_usartx_c)
    init_usartx_cc                           0x0800ed83   Thumb Code    22  usart.o(i.init_usartx_cc)
    init_usartx_config                       0x0800ed99   Thumb Code    62  usart.o(i.init_usartx_config)
    init_usartx_config_c                     0x0800edd7   Thumb Code    62  usart.o(i.init_usartx_config_c)
    init_usartx_config_c_2stopbit            0x0800ee15   Thumb Code    68  usart.o(i.init_usartx_config_c_2stopbit)
    init_usartx_gpio                         0x0800ee59   Thumb Code   354  usart.o(i.init_usartx_gpio)
    init_usartx_nvic                         0x0800efe1   Thumb Code   138  usart.o(i.init_usartx_nvic)
    init_usb                                 0x0800f081   Thumb Code    26  usb_ccid.o(i.init_usb)
    init_usb_ctl                             0x0800f0a1   Thumb Code    38  main.o(i.init_usb_ctl)
    key_init                                 0x0800f0cd   Thumb Code   222  main.o(i.key_init)
    keychange                                0x0800f1b5   Thumb Code   340  des_fun.o(i.keychange)
    led1_off                                 0x0800f311   Thumb Code     2  main.o(i.led1_off)
    led2_off                                 0x0800f313   Thumb Code     2  main.o(i.led2_off)
    led2_on                                  0x0800f315   Thumb Code     2  main.o(i.led2_on)
    led3_on                                  0x0800f317   Thumb Code     2  main.o(i.led3_on)
    led4_off                                 0x0800f319   Thumb Code     2  main.o(i.led4_off)
    led4_on                                  0x0800f31b   Thumb Code     2  main.o(i.led4_on)
    led5_off                                 0x0800f31d   Thumb Code     2  main.o(i.led5_off)
    led5_on                                  0x0800f31f   Thumb Code     2  main.o(i.led5_on)
    led6_off                                 0x0800f321   Thumb Code     2  main.o(i.led6_off)
    mag_fail                                 0x0800f325   Thumb Code   102  magcardttl.o(i.mag_fail)
    mag_flag                                 0x0800f395   Thumb Code    14  magcardttl.o(i.mag_flag)
    mag_init                                 0x0800f3a9   Thumb Code   176  magcardttl.o(i.mag_init)
    main                                     0x0800f46d   Thumb Code   220  main.o(i.main)
    memcpy                                   0x0800f569   Thumb Code    24  ccid.o(i.memcpy)
    open_time5_isr                           0x0800f581   Thumb Code    22  ifd.o(i.open_time5_isr)
    process_usart_tmsg                       0x0800f59d   Thumb Code    24  usart.o(i.process_usart_tmsg)
    read_id_info                             0x0800f5b9   Thumb Code   132  v_sam.o(i.read_id_info)
    read_rec                                 0x0800f641   Thumb Code   464  v_sam.o(i.read_rec)
    resetbebug                               0x0800f895   Thumb Code    32  main.o(i.resetbebug)
    reverse                                  0x0800f8b9   Thumb Code   138  magcardttl.o(i.reverse)
    rfid_tx_rx                               0x0800f949   Thumb Code   168  iso14443.o(i.rfid_tx_rx)
    s_replace                                0x0800f9f1   Thumb Code   452  des_fun.o(i.s_replace)
    sam_rfid                                 0x0800fbb9   Thumb Code    84  v_sam.o(i.sam_rfid)
    sam_rfid1                                0x0800fc0d   Thumb Code    84  v_sam.o(i.sam_rfid1)
    sam_rfid2                                0x0800fc61   Thumb Code    84  v_sam.o(i.sam_rfid2)
    sam_uartIRQProcess                       0x0800fcb5   Thumb Code   190  v_sam.o(i.sam_uartIRQProcess)
    sam_v_info                               0x0800fd7d   Thumb Code    84  v_sam.o(i.sam_v_info)
    sam_v_req                                0x0800fdd5   Thumb Code    66  v_sam.o(i.sam_v_req)
    sam_v_reset                              0x0800fe1d   Thumb Code    42  v_sam.o(i.sam_v_reset)
    sam_v_rmsg                               0x0800fe4d   Thumb Code   206  v_sam.o(i.sam_v_rmsg)
    sam_v_select                             0x0800ff2d   Thumb Code    66  v_sam.o(i.sam_v_select)
    sam_v_set_frame_size                     0x0800ff75   Thumb Code    52  v_sam.o(i.sam_v_set_frame_size)
    sam_v_tmsg                               0x0800ffad   Thumb Code   164  v_sam.o(i.sam_v_tmsg)
    sda_gpio_config                          0x08010059   Thumb Code    50  v_sam.o(i.sda_gpio_config)
    search_card                              0x08010091   Thumb Code   100  iso14443.o(i.search_card)
    search_typea                             0x080100f9   Thumb Code    76  iso14443.o(i.search_typea)
    search_typeb                             0x08010145   Thumb Code    38  iso14443.o(i.search_typeb)
    spi_ReadStatusRegister                   0x080102e9   Thumb Code    48  spi_flash.o(i.spi_ReadStatusRegister)
    spi_WriteEnable                          0x08010319   Thumb Code    30  spi_flash.o(i.spi_WriteEnable)
    start_adc                                0x0801033d   Thumb Code   154  ad.o(i.start_adc)
    track2check                              0x080103dd   Thumb Code   330  magcardttl.o(i.track2check)
    track3check                              0x08010535   Thumb Code   320  magcardttl.o(i.track3check)
    udisk_erasechip                          0x08010681   Thumb Code    10  usb_disk.o(i.udisk_erasechip)
    udisk_read                               0x0801068d   Thumb Code    68  usb_disk.o(i.udisk_read)
    udisk_write                              0x080106dd   Thumb Code    86  usb_disk.o(i.udisk_write)
    usb_ctl_off                              0x08010741   Thumb Code    18  main.o(i.usb_ctl_off)
    usb_ctl_on                               0x08010759   Thumb Code    18  main.o(i.usb_ctl_on)
    usb_rev_data1                            0x08010771   Thumb Code   270  usb_ccid.o(i.usb_rev_data1)
    write_rec                                0x0801089d   Thumb Code   346  v_sam.o(i.write_rec)
    SystemFrequency                          0x08010a04   Data           4  system_stm32f10x.o(.constdata)
    SystemFrequency_SysClk                   0x08010a08   Data           4  system_stm32f10x.o(.constdata)
    SystemFrequency_AHBClk                   0x08010a0c   Data           4  system_stm32f10x.o(.constdata)
    SystemFrequency_APB1Clk                  0x08010a10   Data           4  system_stm32f10x.o(.constdata)
    SystemFrequency_APB2Clk                  0x08010a14   Data           4  system_stm32f10x.o(.constdata)
    Sbox                                     0x080113f8   Data         256  sms4.o(.constdata)
    CK                                       0x080114f8   Data         128  sms4.o(.constdata)
    picture_contacless                       0x08011578   Data        1536  lcd_show.o(.constdata)
    picture_contact                          0x08011b78   Data        1536  lcd_show.o(.constdata)
    picture_finger                           0x08012178   Data        1536  lcd_show.o(.constdata)
    picture_keypad                           0x08012778   Data        1536  lcd_show.o(.constdata)
    picture_personcard                       0x08012d78   Data        1536  lcd_show.o(.constdata)
    picture_magic                            0x08013378   Data        1536  lcd_show.o(.constdata)
    picture_MCCl                             0x08013978   Data        1536  lcd_show.o(.constdata)
    picture_CCl                              0x08013f78   Data        1536  lcd_show.o(.constdata)
    picture_Default                          0x08014578   Data        1536  lcd_show.o(.constdata)
    picture_MC                               0x08014b78   Data        1536  lcd_show.o(.constdata)
    picture_LowPower                         0x08015178   Data          64  lcd_show.o(.constdata)
    picture_pincode                          0x080151b8   Data          16  lcd_show.o(.constdata)
    picture_mUSB                             0x080151c8   Data          16  lcd_show.o(.constdata)
    picture_mBT                              0x080151d8   Data          16  lcd_show.o(.constdata)
    Desc_Device                              0x080151e8   Data          18  usb_desc.o(.constdata)
    Desc_Ccid_Config                         0x080151fa   Data         177  usb_desc.o(.constdata)
    String_LangID                            0x080152ab   Data           4  usb_desc.o(.constdata)
    String_Vendor                            0x080152af   Data          16  usb_desc.o(.constdata)
    String_Product                           0x080152bf   Data          28  usb_desc.o(.constdata)
    String_Serial                            0x080152db   Data          16  usb_desc.o(.constdata)
    String_Interface0                        0x080152eb   Data          24  usb_desc.o(.constdata)
    String_Interface1                        0x08015303   Data           8  usb_desc.o(.constdata)
    clock_frequencies                        0x0801530b   Data           4  usb_desc.o(.constdata)
    ImageOrder                               0x0801530f   Data         330  cmd.o(.constdata)
    gSW_Table                                0x0801545a   Data          80  mainfile.o(.constdata)
    ASCII0816                                0x080154aa   Data        1536  display.o(.constdata)
    MagCard                                  0x08015aaa   Data         192  display.o(.constdata)
    ContectlessCard                          0x08015b6a   Data         128  display.o(.constdata)
    Finger                                   0x08015bea   Data         160  display.o(.constdata)
    ContectCard                              0x08015c8a   Data         128  display.o(.constdata)
    IDCard                                   0x08015d0a   Data         192  display.o(.constdata)
    KeyPad                                   0x08015dca   Data         128  display.o(.constdata)
    MagOrContectOrlessCard                   0x08015e4a   Data         320  display.o(.constdata)
    MagCardOrContectCard                     0x08015f8a   Data         224  display.o(.constdata)
    ContectOrlessCard                        0x0801606a   Data         224  display.o(.constdata)
    Region$$Table$$Base                      0x0801614c   Number         0  anon$$obj.o(Region$$Table)
    Region$$Table$$Limit                     0x0801616c   Number         0  anon$$obj.o(Region$$Table)
    Data_Mul_MaxPacketSize                   0x20000014   Data           1  usb_core.o(.data)
    maxLun                                   0x20000015   Data           2  usb_core.o(.data)
    StatusInfo                               0x20000018   Data           2  usb_core.o(.data)
    EPindex                                  0x2000001c   Data           1  usb_init.o(.data)
    pInformation                             0x20000020   Data           4  usb_init.o(.data)
    pProperty                                0x20000024   Data           4  usb_init.o(.data)
    SaveState                                0x20000028   Data           2  usb_init.o(.data)
    wInterrupt_Mask                          0x2000002a   Data           2  usb_init.o(.data)
    pUser_Standard_Requests                  0x2000002c   Data           4  usb_init.o(.data)
    SaveRState                               0x20000030   Data           2  usb_int.o(.data)
    SaveTState                               0x20000032   Data           2  usb_int.o(.data)
    g_configflag                             0x20000034   Data           1  main.o(.data)
    bat_falg1                                0x20000038   Data           1  stm32f10x_it.o(.data)
    bat_falg                                 0x2000003c   Data           4  stm32f10x_it.o(.data)
    test12                                   0x20000040   Data           1  stm32f10x_it.o(.data)
    API_Key_mode                             0x20000041   Data           1  managekey.o(.data)
    icc_in_level                             0x20000042   Data           1  ifd.o(.data)
    ifd_icc_active_sate                      0x20000043   Data           1  ifd.o(.data)
    beep_flag                                0x20000044   Data           1  ifd.o(.data)
    timesss                                  0x20000045   Data           1  ifd.o(.data)
    Iso7816CurParam                          0x20000048   Data           1  ccid.o(.data)
    power_flag                               0x20000049   Data           1  ccid.o(.data)
    f_Table                                  0x2000004c   Data          64  ccid.o(.data)
    d_Table                                  0x2000008c   Data          64  ccid.o(.data)
    test_atr                                 0x200000cc   Data          13  ccid.o(.data)
    ICC_in                                   0x200000d9   Data           1  ccid.o(.data)
    solt_flag                                0x200000da   Data           1  ccid.o(.data)
    bTransactionType                         0x200000db   Data           1  ccid.o(.data)
    IfdParameters                            0x200000dc   Data           7  ccid.o(.data)
    gSet_delay_ms                            0x200000e4   Data           4  times.o(.data)
    count_start                              0x200000e8   Data           1  times.o(.data)
    timerValue                               0x200000ec   Data           4  times.o(.data)
    timer1Running                            0x200000f0   Data           1  times.o(.data)
    R_Count                                  0x200000f1   Data           1  usb_ccid.o(.data)
    R_flag                                   0x200000f2   Data           1  usb_ccid.o(.data)
    bDevice_flag                             0x200000f3   Data           1  usb_ccid.o(.data)
    send_flag                                0x200000f4   Data           1  usb_ccid.o(.data)
    temp_chenge                              0x200000f5   Data           1  usb_ccid.o(.data)
    num_SN                                   0x200000f6   Data           1  usb_ccid.o(.data)
    R_len                                    0x200000f7   Data           1  usb_ccid.o(.data)
    slot1                                    0x200000f8   Data           1  usb_ccid.o(.data)
    UsbIntMsgBuf                             0x200000f9   Data           2  usb_ccid.o(.data)
    CCIDSlotStatus                           0x200000fb   Data           1  usb_ccid.o(.data)
    CCIDNSlotStatus                          0x200000fc   Data           1  usb_ccid.o(.data)
    Device_Descriptor                        0x20000100   Data           8  usb_desc.o(.data)
    Config_Descriptor                        0x20000108   Data           8  usb_desc.o(.data)
    String_Descriptor                        0x20000110   Data          48  usb_desc.o(.data)
    bIntPackSOF                              0x20000140   Data           1  usb_istr.o(.data)
    pEpInt_IN                                0x20000144   Data          28  usb_istr.o(.data)
    pEpInt_OUT                               0x20000160   Data          28  usb_istr.o(.data)
    wIstr                                    0x2000017c   Data           2  usb_istr.o(.data)
    wReport                                  0x20000180   Data           7  usb_prop.o(.data)
    tOffset                                  0x20000188   Data           4  usb_prop.o(.data)
    rCount                                   0x2000018c   Data           4  usb_prop.o(.data)
    Device_Table                             0x20000190   Data           2  usb_prop.o(.data)
    Device_Property                          0x20000194   Data          48  usb_prop.o(.data)
    User_Standard_Requests                   0x200001c4   Data          36  usb_prop.o(.data)
    bDeviceState_time                        0x200001e8   Data           1  usb_prop.o(.data)
    ProtocolValue                            0x200001ec   Data           4  usb_prop.o(.data)
    bDeviceState                             0x200001f0   Data           4  usb_pwr.o(.data)
    fSuspendEnabled                          0x200001f4   Data           1  usb_pwr.o(.data)
    ResumeS                                  0x200001f5   Data           2  usb_pwr.o(.data)
    Count                                    0x200001fc   Data           4  usart.o(.data)
    rec_count                                0x20000200   Data           4  usart.o(.data)
    RC_flag                                  0x20000204   Data           1  usart.o(.data)
    fTrackHaveData                           0x20000208   Data           1  magcardttl.o(.data)
    ReadTrack2Len                            0x20000209   Data           1  magcardttl.o(.data)
    ReadTrack3Len                            0x2000020a   Data           1  magcardttl.o(.data)
    Dir                                      0x2000020b   Data           1  magcardttl.o(.data)
    error                                    0x2000020c   Data           1  magcardttl.o(.data)
    Get_Data                                 0x20000210   Data           4  magcardttl.o(.data)
    time_cnt                                 0x20000214   Data           4  v_sam.o(.data)
    gVar_v_delay_ms                          0x2000021c   Data           4  v_sam.o(.data)
    gVar_ms                                  0x20000220   Data           4  v_sam.o(.data)
    VSAM_len                                 0x20000224   Data           4  v_sam.o(.data)
    Status                                   0x20000228   Data           4  mass_mal.o(.data)
    dis_mem                                  0x2000022c   Data           1  mass_mal.o(.data)
    Mass_Memory_Size                         0x20000230   Data           8  mass_mal.o(.data)
    Mass_Block_Size                          0x20000238   Data           8  mass_mal.o(.data)
    Mass_Block_Count                         0x20000240   Data           8  mass_mal.o(.data)
    Page00_Inquiry_Data                      0x20000248   Data           5  scsi_data.o(.data)
    Standard_Inquiry_Data                    0x2000024d   Data          36  scsi_data.o(.data)
    Standard_Inquiry_Data2                   0x20000271   Data          36  scsi_data.o(.data)
    Mode_Sense6_data                         0x20000295   Data           4  scsi_data.o(.data)
    Mode_Sense10_data                        0x20000299   Data           8  scsi_data.o(.data)
    Scsi_Sense_Data                          0x200002a1   Data          18  scsi_data.o(.data)
    ReadCapacity10_Data                      0x200002b3   Data           8  scsi_data.o(.data)
    ReadFormatCapacity_Data                  0x200002bb   Data          12  scsi_data.o(.data)
    Max_Lun                                  0x200002c8   Data           4  usb_bot.o(.data)
    CWBotState                               0x200002cc   Data           1  usb_bot.o(.data)
    CWBotDataLen                             0x200002d0   Data           4  usb_bot.o(.data)
    CWBotsendPtr                             0x200002d4   Data           4  usb_bot.o(.data)
    CWBotRecievePtr                          0x200002d8   Data           4  usb_bot.o(.data)
    Bot_State                                0x200002dc   Data           1  usb_bot.o(.data)
    Data_Len                                 0x200002de   Data           2  usb_bot.o(.data)
    SCSI_LBA                                 0x200002e0   Data           4  usb_bot.o(.data)
    SCSI_BlkLen                              0x200002e4   Data           4  usb_bot.o(.data)
    g_cswStatus                              0x200002e8   Data           1  usb_bot.o(.data)
    pinmod                                   0x200002ec   Data           1  cmd.o(.data)
    waittimeout                              0x200002f0   Data           4  cmd.o(.data)
    waitflag                                 0x200002f4   Data           1  cmd.o(.data)
    less_flag                                0x200002f5   Data           1  cmd.o(.data)
    ASk_ATR                                  0x200002f6   Data          10  cmd.o(.data)
    times1                                   0x20000300   Data           1  cmd.o(.data)
    image_index                              0x20000304   Data           4  cmd.o(.data)
    imageflag                                0x20000308   Data           1  cmd.o(.data)
    cmd_i                                    0x20000309   Data           1  cmd.o(.data)
    cmd_s                                    0x2000030a   Data           1  cmd.o(.data)
    firmware_v                               0x2000030b   Data           8  cmd.o(.data)
    WEL_Image_Flag                           0x20000313   Data           1  cmd.o(.data)
    g_FunType                                0x20000314   Data           1  globle.o(.data)
    ga_cmdhead                               0x20000316   Data           8  globle.o(.data)
    gb_Le                                    0x2000031e   Data           2  globle.o(.data)
    g_cos_sw                                 0x20000320   Data           1  globle.o(.data)
    g_bSW                                    0x20000321   Data           1  globle.o(.data)
    gb_6c                                    0x20000322   Data           1  globle.o(.data)
    gb_63                                    0x20000323   Data           1  globle.o(.data)
    FLASHStatus                              0x20000324   Data           1  mem.o(.data)
    Block_Read_count                         0x20000328   Data           4  memory.o(.data)
    Counter                                  0x2000032c   Data           4  memory.o(.data)
    TransferState                            0x20000330   Data           1  memory.o(.data)
    Block_offset                             0x2000033c   Data           4  memory.o(.data)
    Idx                                      0x20000340   Data           4  memory.o(.data)
    SD_Type                                  0x20000344   Data           1  spi_sd_driver.o(.data)
    FingerPrintDevice                        0x20000348   Data           1  ts36ebg.o(.data)
    AS606_FPC1020_length                     0x2000034c   Data           4  ts36ebg.o(.data)
    AS606_FPC1020_index                      0x20000350   Data           4  ts36ebg.o(.data)
    g_SPI_srdelay                            0x20000354   Data           4  spi1flashdriver.o(.data)
    SPI_Delay_Time                           0x20000358   Data           1  spi1flashdriver.o(.data)
    fac_id                                   0x20000359   Data           1  spi1flashdriver.o(.data)
    dev_id                                   0x2000035a   Data           1  spi1flashdriver.o(.data)
    Select_SD_SPIFlash                       0x2000035b   Data           1  spi_flash.o(.data)
    Flashcmd                                 0x2000035c   Data           5  spi_flash.o(.data)
    gb_fontflag                              0x20000364   Data           1  display.o(.data)
    DIS_NUM_LINE                             0x20000365   Data           1  display.o(.data)
    DIS_PAGE_LINE                            0x20000366   Data           1  display.o(.data)
    LCD_X_MAX                                0x20000367   Data           1  display.o(.data)
    LCD_Y_MAX                                0x20000368   Data           1  display.o(.data)
    g_plain_pos                              0x2000036a   Data           2  display.o(.data)
    uparr                                    0x2000036c   Data           8  display.o(.data)
    doarr                                    0x20000374   Data           8  display.o(.data)
    ESC_Char                                 0x2000037c   Data          48  display.o(.data)
    g_linetotal                              0x200003ae   Data           1  display.o(.data)
    g_linecur                                0x200003af   Data           1  display.o(.data)
    X_Witch                                  0x200003b0   Data           1  display.o(.data)
    Y_Witch                                  0x200003b1   Data           1  display.o(.data)
    X_Current                                0x200003b2   Data           1  display.o(.data)
    Y_Current                                0x200003b3   Data           1  display.o(.data)
    Font_Wrod                                0x200003b4   Data           1  display.o(.data)
    Char_Color                               0x200003b5   Data           1  display.o(.data)
    g_tmpl_addr                              0x200003b6   Data           2  display.o(.data)
    g_plain_tag                              0x200003b8   Data           1  display.o(.data)
    g_plain_rem                              0x200003b9   Data           1  display.o(.data)
    showBLdelay                              0x200003bc   Data           4  display.o(.data)
    ADCConvertedValue                        0x200003c0   Data           2  ad.o(.data)
    c_WUPA                                   0x200003c2   Data           1  iso14443.o(.data)
    slotMarker                               0x200003c3   Data           1  iso14443.o(.data)
    c_WUPB                                   0x200003c4   Data           3  iso14443.o(.data)
    c_SELECT                                 0x200003c7   Data           2  iso14443.o(.data)
    c_RATS                                   0x200003c9   Data           2  iso14443.o(.data)
    c_HLTA                                   0x200003cb   Data           2  iso14443.o(.data)
    FSD                                      0x200003ce   Data          20  iso14443.o(.data)
    Slot_marker                              0x200003e2   Data           2  iso14443.o(.data)
    pcb_flag                                 0x200003e4   Data           1  iso14443.o(.data)
    sendtime                                 0x200003e5   Data           1  iso14443.o(.data)
    fwtpoll                                  0x200003e6   Data           1  iso14443.o(.data)
    SendBaud                                 0x200003e7   Data           1  iso14443.o(.data)
    RevBaud                                  0x200003e8   Data           1  iso14443.o(.data)
    HandleCollision                          0x200003e9   Data           1  iso14443.o(.data)
    bSak                                     0x200003ea   Data           1  iso14443.o(.data)
    card_type                                0x200003eb   Data           1  iso14443.o(.data)
    PPS_TEMP                                 0x200003ec   Data           1  iso14443.o(.data)
    CID_flag1                                0x200003ed   Data           1  iso14443.o(.data)
    Device_Info                              0x200003f0   Data          28  usb_init.o(.bss)
    UsbBulkMsgBuf                            0x2000040c   Data         271  ccid.o(.bss)
    UsbBulkInMsgBuf                          0x2000051b   Data        2300  ccid.o(.bss)
    usbMsg                                   0x20000e18   Data         576  usb_ccid.o(.bss)
    CardData                                 0x20001058   Data         280  magcardttl.o(.bss)
    ReadTrack2buf                            0x20001170   Data          40  magcardttl.o(.bss)
    ReadTrack3buf                            0x20001198   Data         110  magcardttl.o(.bss)
    umod                                     0x20001206   Data        2764  v_sam.o(.bss)
    buf_typeAB                               0x20001cd2   Data          20  v_sam.o(.bss)
    Bulk_Data_Buff                           0x20001ce8   Data          64  usb_bot.o(.bss)
    CBW                                      0x20001d28   Data          32  usb_bot.o(.bss)
    CSW                                      0x20001d48   Data          16  usb_bot.o(.bss)
    rx_buf                                   0x20001d58   Data          32  usb_bot.o(.bss)
    sendData                                 0x20001d78   Data          16  usb_bot.o(.bss)
    udisk_lba_param                          0x20001d88   Data          16  usb_scsi.o(.bss)
    gs_cmd                                   0x20001d98   Data       15520  globle.o(.bss)
    buffer                                   0x20005a38   Data        2050  globle.o(.bss)
    Data_Buffer                              0x2000623c   Data         512  memory.o(.bss)
    InBuff                                   0x2000643c   Data         512  usb_disk.o(.bss)
    mypicc                                   0x2000663c   Data          11  iso14443.o(.bss)
    __initial_sp                             0x2000ae48   Data           0  startup_stm32f10x_hd.o(STACK)



==============================================================================

Memory Map of the image

  Image Entry point : 0x08003131

  Load Region LR_IROM1 (Base: 0x08003000, Size: 0x0001355c, Max: 0x00040000, ABSOLUTE, COMPRESSED[0x0001332c])

    Execution Region ER_IROM1 (Base: 0x08003000, Size: 0x0001316c, Max: 0x00040000, ABSOLUTE)

    Base Addr    Size         Type   Attr      Idx    E Section Name        Object

    0x08003000   0x00000130   Data   RO         2497    RESET               startup_stm32f10x_hd.o
    0x08003130   0x00000000   Code   RO         6379  * .ARM.Collect$$$$00000000  mc_w.l(entry.o)(mc_w.l)
    0x08003130   0x00000004   Code   RO         6388    .ARM.Collect$$$$00000001  mc_w.l(entry2.o)(mc_w.l)
    0x08003134   0x00000004   Code   RO         6391    .ARM.Collect$$$$00000004  mc_w.l(entry5.o)(mc_w.l)
    0x08003138   0x00000008   Code   RO         6392    .ARM.Collect$$$$00000007  mc_w.l(entry7.o)(mc_w.l)
    0x08003140   0x00000004   Code   RO         6389    .ARM.Collect$$$$00002712  mc_w.l(entry2.o)(mc_w.l)
    0x08003144   0x00000030   Code   RO         2498    .text               startup_stm32f10x_hd.o
    0x08003174   0x00000024   Code   RO         6382    .text               mc_w.l(memcpya.o)(mc_w.l)
    0x08003198   0x00000026   Code   RO         6384    .text               mc_w.l(memseta.o)(mc_w.l)
    0x080031be   0x00000002   PAD
    0x080031c0   0x00000024   Code   RO         6393    .text               mc_w.l(init.o)(mc_w.l)
    0x080031e4   0x0000005c   Code   RO         6403    .text               mc_w.l(__dczerorl2.o)(mc_w.l)
    0x08003240   0x00000010   Code   RO         2845    i.ADC1_2_IRQHandler  stm32f10x_it.o
    0x08003250   0x00000016   Code   RO         1663    i.ADC_Cmd           stm32f10x_adc.o
    0x08003266   0x00000016   Code   RO         1664    i.ADC_DMACmd        stm32f10x_adc.o
    0x0800327c   0x00000014   Code   RO         1671    i.ADC_GetCalibrationStatus  stm32f10x_adc.o
    0x08003290   0x00000008   Code   RO         1672    i.ADC_GetConversionValue  stm32f10x_adc.o
    0x08003298   0x00000014   Code   RO         1677    i.ADC_GetResetCalibrationStatus  stm32f10x_adc.o
    0x080032ac   0x00000050   Code   RO         1681    i.ADC_Init          stm32f10x_adc.o
    0x080032fc   0x000000b8   Code   RO         1685    i.ADC_RegularChannelConfig  stm32f10x_adc.o
    0x080033b4   0x0000000a   Code   RO         1686    i.ADC_ResetCalibration  stm32f10x_adc.o
    0x080033be   0x00000016   Code   RO         1688    i.ADC_SoftwareStartConvCmd  stm32f10x_adc.o
    0x080033d4   0x0000000a   Code   RO         1690    i.ADC_StartCalibration  stm32f10x_adc.o
    0x080033de   0x00000002   PAD
    0x080033e0   0x00000048   Code   RO         3038    i.API_Decrypt       managekey.o
    0x08003428   0x00000048   Code   RO         3039    i.API_Encrypt       managekey.o
    0x08003470   0x0000007c   Code   RO         5090    i.API_Instuction_Hook  mainfile.o
    0x080034ec   0x000000d4   Code   RO         4953    i.API_MakeData      usb_support.o
    0x080035c0   0x00000030   Code   RO         5108    i.API_ReadData      mem.o
    0x080035f0   0x00000084   Code   RO         5109    i.API_WriteData     mem.o
    0x08003674   0x00000038   Code   RO         5658    i.APL_ExFlash_EraseBlock  spi_flash.o
    0x080036ac   0x00000038   Code   RO         5659    i.APL_ExFlash_GetCapcity  spi_flash.o
    0x080036e4   0x00000040   Code   RO         5660    i.APL_ExFlash_ReadData  spi_flash.o
    0x08003724   0x00000040   Code   RO         5661    i.APL_ExFlash_WriteData  spi_flash.o
    0x08003764   0x00000118   Code   RO         5815    i.APL_GB2Dots_app   display.o
    0x0800387c   0x00000038   Code   RO         5735    i.APL_LCD_Init_192  lcd.o
    0x080038b4   0x00000030   Code   RO         5736    i.APL_LCD_Reset     lcd.o
    0x080038e4   0x0000007c   Code   RO         5738    i.APL_LCD_WriteByte  lcd.o
    0x08003960   0x0000007c   Code   RO         5739    i.APL_LCD_WriteCmd  lcd.o
    0x080039dc   0x00000032   Code   RO         4954    i.APL_USBMemcpy     usb_support.o
    0x08003a0e   0x00000014   Code   RO         4955    i.APL_USBMemset     usb_support.o
    0x08003a22   0x00000032   Code   RO         5110    i.APL_memcpy        mem.o
    0x08003a54   0x00000014   Code   RO         5111    i.APL_memset        mem.o
    0x08003a68   0x00000004   Code   RO         5409    i.AS606_FPC1020_CheckSum  ts36ebg.o
    0x08003a6c   0x0000004c   Code   RO         5410    i.AS606_FPC1020_GetRecievedPackage  ts36ebg.o
    0x08003ab8   0x00000014   Code   RO         5411    i.AS606_FPC1020_UartInit  ts36ebg.o
    0x08003acc   0x00000050   Code   RO         5412    i.AS606_FPC1020_UartRecieveData_ContinuePackages  ts36ebg.o
    0x08003b1c   0x0000005c   Code   RO         5413    i.AS606_FPC1020_UartRecieveData_OnePackage  ts36ebg.o
    0x08003b78   0x00000028   Code   RO         5414    i.AS606_FPC1020_UartSendData  ts36ebg.o
    0x08003ba0   0x00000064   Code   RO         2541    i.BluesetM          main.o
    0x08003c04   0x00000014   Code   RO         2542    i.BluesetM_end      main.o
    0x08003c18   0x00000074   Code   RO         2543    i.Bluetooth_status_init  main.o
    0x08003c8c   0x00000040   Code   RO         4765    i.Bot_Abort         usb_bot.o
    0x08003ccc   0x00000004   Code   RO         2846    i.BusFault_Handler  stm32f10x_it.o
    0x08003cd0   0x0000000c   Code   RO         2111    i.ByteSwap          usb_regs.o
    0x08003cdc   0x000004a0   Code   RO         4766    i.CBW_Decode        usb_bot.o
    0x0800417c   0x000000bc   Code   RO         3324    i.CCID_AnalyseBulkMessage  ccid.o
    0x08004238   0x00000070   Code   RO         3325    i.CCID_AnalyseBulkMessage1  ccid.o
    0x080042a8   0x00000034   Code   RO         3326    i.CCID_CmdNotSupport  ccid.o
    0x080042dc   0x00000014   Code   RO         4374    i.CLK_Out_H         magcardttl.o
    0x080042f0   0x00000014   Code   RO         4375    i.CLK_Out_L         magcardttl.o
    0x08004304   0x0000000c   Code   RO         4376    i.CLR_mag_flag      magcardttl.o
    0x08004310   0x00000288   Code   RO         2064    i.CTR_LP            usb_int.o
    0x08004598   0x00000030   Code   RO         5005    i.CheckCancleByteReceive  cmd.o
    0x080045c8   0x00000072   Code   RO         3197    i.CheckLowPower     lcd_show.o
    0x0800463a   0x00000002   PAD
    0x0800463c   0x00000024   Code   RO         2118    i.Clear_Status_Out  usb_regs.o
    0x08004660   0x000000dc   Code   RO         5198    i.CommandReceive    bluetooth.o
    0x0800473c   0x000000f0   Code   RO         3929    i.CustomCCID_Reset  usb_prop.o
    0x0800482c   0x00000044   Code   RO         3930    i.CustomCCID_init   usb_prop.o
    0x08004870   0x00000002   Code   RO         3931    i.CustomHID_ClearFeature  usb_prop.o
    0x08004872   0x00000002   PAD
    0x08004874   0x00000014   Code   RO         3933    i.CustomHID_GetConfigDescriptor  usb_prop.o
    0x08004888   0x00000002   Code   RO         3934    i.CustomHID_GetConfiguration  usb_prop.o
    0x0800488a   0x00000002   PAD
    0x0800488c   0x00000014   Code   RO         3935    i.CustomHID_GetDeviceDescriptor  usb_prop.o
    0x080048a0   0x00000002   Code   RO         3936    i.CustomHID_GetInterface  usb_prop.o
    0x080048a2   0x00000002   Code   RO         3940    i.CustomHID_GetStatus  usb_prop.o
    0x080048a4   0x00000028   Code   RO         3941    i.CustomHID_GetStringDescriptor  usb_prop.o
    0x080048cc   0x00000016   Code   RO         3942    i.CustomHID_Get_Interface_Setting  usb_prop.o
    0x080048e2   0x00000006   Code   RO         3943    i.CustomHID_NoData_Setup  usb_prop.o
    0x080048e8   0x00000030   Code   RO         3944    i.CustomHID_SetConfiguration  usb_prop.o
    0x08004918   0x0000000c   Code   RO         3945    i.CustomHID_SetDeviceAddress  usb_prop.o
    0x08004924   0x00000002   Code   RO         3946    i.CustomHID_SetDeviceFeature  usb_prop.o
    0x08004926   0x00000002   Code   RO         3947    i.CustomHID_SetEndPointFeature  usb_prop.o
    0x08004928   0x00000002   Code   RO         3948    i.CustomHID_SetInterface  usb_prop.o
    0x0800492a   0x00000002   Code   RO         3951    i.CustomHID_Status_In  usb_prop.o
    0x0800492c   0x00000002   Code   RO         3952    i.CustomHID_Status_Out  usb_prop.o
    0x0800492e   0x00000002   PAD
    0x08004930   0x000001f8   Code   RO         2973    i.DES_De            des_fun.o
    0x08004b28   0x00000204   Code   RO         2975    i.DES_En            des_fun.o
    0x08004d2c   0x000000d2   Code   RO         2977    i.DES_Triple_Decrypt  des_fun.o
    0x08004dfe   0x000000d2   Code   RO         2978    i.DES_Triple_Encrypt  des_fun.o
    0x08004ed0   0x00000016   Code   RO         1593    i.DMA_Cmd           stm32f10x_dma.o
    0x08004ee6   0x00000002   PAD
    0x08004ee8   0x00000150   Code   RO         1594    i.DMA_DeInit        stm32f10x_dma.o
    0x08005038   0x0000003c   Code   RO         1599    i.DMA_Init          stm32f10x_dma.o
    0x08005074   0x000000c8   Code   RO         6069    i.DMA_ad_init       ad.o
    0x0800513c   0x000000c4   Code   RO         1879    i.DataStageIn       usb_core.o
    0x08005200   0x000000c0   Code   RO         1880    i.DataStageOut      usb_core.o
    0x080052c0   0x00000014   Code   RO         4377    i.Data_Out_H        magcardttl.o
    0x080052d4   0x00000014   Code   RO         4378    i.Data_Out_L        magcardttl.o
    0x080052e8   0x00000298   Code   RO         1881    i.Data_Setup0       usb_core.o
    0x08005580   0x00000002   Code   RO         2847    i.DebugMon_Handler  stm32f10x_it.o
    0x08005582   0x0000000c   Code   RO         5740    i.Delay             lcd.o
    0x0800558e   0x00000008   Code   RO         3808    i.EP1_IN_Callback   usb_endp.o
    0x08005596   0x00000008   Code   RO         3809    i.EP1_OUT_Callback  usb_endp.o
    0x0800559e   0x00000002   Code   RO         3810    i.EP2_IN_Callback   usb_endp.o
    0x080055a0   0x00000002   Code   RO         3811    i.EP2_OUT_Callback  usb_endp.o
    0x080055a2   0x00000008   Code   RO         3812    i.EP3_IN_Callback   usb_endp.o
    0x080055aa   0x00000008   Code   RO         3813    i.EP3_OUT_Callback  usb_endp.o
    0x080055b2   0x00000002   Code   RO         3814    i.EP4_IN_Callback   usb_endp.o
    0x080055b4   0x00000008   Code   RO         3815    i.EP4_OUT_Callback  usb_endp.o
    0x080055bc   0x00000008   Code   RO         3816    i.EP5_IN_Callback   usb_endp.o
    0x080055c4   0x00000008   Code   RO         3817    i.EP5_OUT_Callback  usb_endp.o
    0x080055cc   0x00000008   Code   RO         3818    i.EP6_IN_Callback   usb_endp.o
    0x080055d4   0x00000008   Code   RO         3819    i.EP6_OUT_Callback  usb_endp.o
    0x080055dc   0x00000008   Code   RO         3820    i.EP7_IN_Callback   usb_endp.o
    0x080055e4   0x00000008   Code   RO         3821    i.EP7_OUT_Callback  usb_endp.o
    0x080055ec   0x0000022c   Code   RO         4379    i.EXTI9_5_IRQHandler  magcardttl.o
    0x08005818   0x0000000c   Code   RO         1493    i.EXTI_ClearITPendingBit  stm32f10x_exti.o
    0x08005824   0x0000002c   Code   RO         1497    i.EXTI_GetITStatus  stm32f10x_exti.o
    0x08005850   0x000000cc   Code   RO         1498    i.EXTI_Init         stm32f10x_exti.o
    0x0800591c   0x0000000c   Code   RO         3651    i.Enter_LowPowerMode  hw_config.o
    0x08005928   0x0000001e   Code   RO         5516    i.ExFlash_erase_block  usb_disk.o
    0x08005946   0x00000002   PAD
    0x08005948   0x0000000c   Code   RO         1121    i.FLASH_ClearFlag   stm32f10x_flash.o
    0x08005954   0x00000050   Code   RO         1125    i.FLASH_ErasePage   stm32f10x_flash.o
    0x080059a4   0x00000038   Code   RO         1129    i.FLASH_GetStatus   stm32f10x_flash.o
    0x080059dc   0x00000068   Code   RO         1138    i.FLASH_ProgramWord  stm32f10x_flash.o
    0x08005a44   0x00000018   Code   RO         1141    i.FLASH_Unlock      stm32f10x_flash.o
    0x08005a5c   0x0000002a   Code   RO         1143    i.FLASH_WaitForLastOperation  stm32f10x_flash.o
    0x08005a86   0x00000002   PAD
    0x08005a88   0x00000068   Code   RO         5821    i.FontSet           display.o
    0x08005af0   0x00000040   Code   RO          263    i.GPIO_EXTILineConfig  stm32f10x_gpio.o
    0x08005b30   0x00000112   Code   RO          266    i.GPIO_Init         stm32f10x_gpio.o
    0x08005c42   0x00000012   Code   RO          270    i.GPIO_ReadInputDataBit  stm32f10x_gpio.o
    0x08005c54   0x00000004   Code   RO          273    i.GPIO_ResetBits    stm32f10x_gpio.o
    0x08005c58   0x00000004   Code   RO          274    i.GPIO_SetBits      stm32f10x_gpio.o
    0x08005c5c   0x0000000a   Code   RO          277    i.GPIO_WriteBit     stm32f10x_gpio.o
    0x08005c66   0x00000002   PAD
    0x08005c68   0x00000158   Code   RO         4380    i.GeneraldataTest_new  magcardttl.o
    0x08005dc0   0x00000014   Code   RO         6070    i.GetAD             ad.o
    0x08005dd4   0x00000018   Code   RO         4509    i.GetChkSum         v_sam.o
    0x08005dec   0x0000003c   Code   RO         5112    i.GetConfigPara     mem.o
    0x08005e28   0x00000024   Code   RO         2130    i.GetEPRxAddr       usb_regs.o
    0x08005e4c   0x00000024   Code   RO         2131    i.GetEPRxCount      usb_regs.o
    0x08005e70   0x00000020   Code   RO         2133    i.GetEPTxAddr       usb_regs.o
    0x08005e90   0x000000dc   Code   RO         3041    i.GetKey            managekey.o
    0x08005f6c   0x0000001c   Code   RO         3953    i.Get_Clock_Frequencies  usb_prop.o
    0x08005f88   0x00000004   Code   RO         2848    i.HardFault_Handler  stm32f10x_it.o
    0x08005f8c   0x0000001c   Code   RO         2547    i.IC_inset          main.o
    0x08005fa8   0x000000c8   Code   RO         2548    i.IC_solt_init      main.o
    0x08006070   0x00000024   Code   RO         3327    i.IFD_GetParameters  ccid.o
    0x08006094   0x0000005c   Code   RO         3252    i.IFD_Hal_Slot_dect  ifd.o
    0x080060f0   0x00000010   Code   RO         3253    i.IFD_Slot_GetStatus  ifd.o
    0x08006100   0x0000001a   Code   RO         3149    i.IS8_Delay_emu     is8u256adriver.o
    0x0800611a   0x00000002   PAD
    0x0800611c   0x00000048   Code   RO         3150    i.IS8_Rst           is8u256adriver.o
    0x08006164   0x00000040   Code   RO         3151    i.IS8_TransferData  is8u256adriver.o
    0x080061a4   0x0000002e   Code   RO         3152    i.IS8_TransferData_RecievNBytes  is8u256adriver.o
    0x080061d2   0x0000005a   Code   RO         3153    i.IS8_TransferData_Recieving  is8u256adriver.o
    0x0800622c   0x00000128   Code   RO         6103    i.ISO14443_Anticollision_TypeA  iso14443.o
    0x08006354   0x0000008e   Code   RO         6105    i.ISO14443_Anticollision_TypeB  iso14443.o
    0x080063e2   0x00000002   PAD
    0x080063e4   0x0000015c   Code   RO         6107    i.ISO14443_Attrib   iso14443.o
    0x08006540   0x000001b4   Code   RO         6110    i.ISO14443_PowerOn  iso14443.o
    0x080066f4   0x000001f8   Code   RO         6111    i.ISO14443_RATS     iso14443.o
    0x080068ec   0x000000ac   Code   RO         6112    i.ISO14443_WUPA     iso14443.o
    0x08006998   0x000000a8   Code   RO         6113    i.ISO14443_WUPB     iso14443.o
    0x08006a40   0x00000008   Code   RO         6116    i.ISO14443_carrier_off  iso14443.o
    0x08006a48   0x00000016   Code   RO         6117    i.ISO14443_carrier_on  iso14443.o
    0x08006a5e   0x00000024   Code   RO         6118    i.ISO14443_carrier_on_off_on  iso14443.o
    0x08006a82   0x00000020   Code   RO         6119    i.ISO14443_reset    iso14443.o
    0x08006aa2   0x00000002   PAD
    0x08006aa4   0x00000378   Code   RO         6120    i.ISO14443_sendAPDU  iso14443.o
    0x08006e1c   0x000000e4   Code   RO         3328    i.ISO7816_SetParameters  ccid.o
    0x08006f00   0x00000024   Code   RO         5561    i.ISU_SPI_Delay     spi1flashdriver.o
    0x08006f24   0x00000040   Code   RO         5562    i.ISU_SPI_recieveNByte  spi1flashdriver.o
    0x08006f64   0x00000030   Code   RO         5563    i.ISU_SPI_recieveOneByte  spi1flashdriver.o
    0x08006f94   0x0000003c   Code   RO         5564    i.ISU_SPI_sendNByte  spi1flashdriver.o
    0x08006fd0   0x00000022   Code   RO         2549    i.IWDG_Configuration  main.o
    0x08006ff2   0x00000022   Code   RO         2550    i.IWDG_Configuration_FingerPrint  main.o
    0x08007014   0x00000010   Code   RO         1546    i.IWDG_Enable       stm32f10x_iwdg.o
    0x08007024   0x00000010   Code   RO         1548    i.IWDG_ReloadCounter  stm32f10x_iwdg.o
    0x08007034   0x0000000c   Code   RO         1549    i.IWDG_SetPrescaler  stm32f10x_iwdg.o
    0x08007040   0x0000000c   Code   RO         1550    i.IWDG_SetReload    stm32f10x_iwdg.o
    0x0800704c   0x0000000c   Code   RO         1551    i.IWDG_WriteAccessCmd  stm32f10x_iwdg.o
    0x08007058   0x00000070   Code   RO         1882    i.In0_Process       usb_core.o
    0x080070c8   0x00000014   Code   RO         2551    i.InitCOM           main.o
    0x080070dc   0x0000003c   Code   RO         3042    i.InitRootKey       managekey.o
    0x08007118   0x00000018   Code   RO         3154    i.Is8uXor           is8u256adriver.o
    0x08007130   0x00000040   Code   RO         2552    i.IsBlueTooth       main.o
    0x08007170   0x00000038   Code   RO         3155    i.IsIs8uStatuesModeReady  is8u256adriver.o
    0x080071a8   0x00000014   Code   RO         5415    i.IsRightPackage    ts36ebg.o
    0x080071bc   0x00000098   Code   RO         3043    i.IsRootKeyHas      managekey.o
    0x08007254   0x00000014   Code   RO         5741    i.LCD_BackLight_Off  lcd.o
    0x08007268   0x00000014   Code   RO         5742    i.LCD_BackLight_On  lcd.o
    0x0800727c   0x0000004c   Code   RO         5823    i.LCD_ClearLine     display.o
    0x080072c8   0x00000050   Code   RO         5824    i.LCD_Fill          display.o
    0x08007318   0x000000b8   Code   RO         5743    i.LCD_IO_Init       lcd.o
    0x080073d0   0x00000034   Code   RO         5825    i.LCD_Init          display.o
    0x08007404   0x00000064   Code   RO         5829    i.LCD_display_UTF8Line  display.o
    0x08007468   0x00000020   Code   RO         3653    i.Leave_LowPowerMode  hw_config.o
    0x08007488   0x0000002c   Code   RO         4382    i.MagcardCLD2_GPIOInit_Out  magcardttl.o
    0x080074b4   0x0000002c   Code   RO         4383    i.MagcardCLS3_GPIOInit_In  magcardttl.o
    0x080074e0   0x0000002c   Code   RO         4384    i.MagcardCLS3_GPIOInit_Out  magcardttl.o
    0x0800750c   0x00000064   Code   RO         4385    i.MagcardRCP1_GPIOInit  magcardttl.o
    0x08007570   0x00000064   Code   RO         4386    i.MagcardRCP1_GPIOInitDesable  magcardttl.o
    0x080075d4   0x00000100   Code   RO         5199    i.MakeDataback      bluetooth.o
    0x080076d4   0x00000090   Code   RO         5200    i.MakeDataback_Error  bluetooth.o
    0x08007764   0x00000094   Code   RO         4767    i.Mass_Storage_In   usb_bot.o
    0x080077f8   0x000001b8   Code   RO         4768    i.Mass_Storage_Out  usb_bot.o
    0x080079b0   0x00000004   Code   RO         2849    i.MemManage_Handler  stm32f10x_it.o
    0x080079b4   0x00000002   Code   RO         2850    i.NMI_Handler       stm32f10x_it.o
    0x080079b6   0x00000002   Code   RO         1883    i.NOP_Process       usb_core.o
    0x080079b8   0x00000084   Code   RO          369    i.NVIC_Init         misc.o
    0x08007a3c   0x00000014   Code   RO          370    i.NVIC_PriorityGroupConfig  misc.o
    0x08007a50   0x00000028   Code   RO         2553    i.NVIC_SetPriority  main.o
    0x08007a78   0x00000014   Code   RO          371    i.NVIC_SetVectorTable  misc.o
    0x08007a8c   0x00000144   Code   RO         1884    i.NoData_Setup0     usb_core.o
    0x08007bd0   0x00000024   Code   RO         5663    i.NotSelect_Flash   spi_flash.o
    0x08007bf4   0x00000050   Code   RO         1885    i.Out0_Process      usb_core.o
    0x08007c44   0x000000b4   Code   RO         3330    i.PC_to_RDR_Escape  ccid.o
    0x08007cf8   0x00000044   Code   RO         3331    i.PC_to_RDR_GetParameters  ccid.o
    0x08007d3c   0x0000007c   Code   RO         3332    i.PC_to_RDR_IccPowerOff  ccid.o
    0x08007db8   0x000000c4   Code   RO         3333    i.PC_to_RDR_IccPowerOff_SAM  ccid.o
    0x08007e7c   0x000000c0   Code   RO         3334    i.PC_to_RDR_IccPowerOn  ccid.o
    0x08007f3c   0x000000d8   Code   RO         3335    i.PC_to_RDR_IccPowerOn_SAM  ccid.o
    0x08008014   0x00000078   Code   RO         3336    i.PC_to_RDR_ResetParameters  ccid.o
    0x0800808c   0x000000a4   Code   RO         3337    i.PC_to_RDR_SetParameters  ccid.o
    0x08008130   0x000001a0   Code   RO         3338    i.PC_to_RDR_XfrBlock  ccid.o
    0x080082d0   0x000000f0   Code   RO         3339    i.PC_to_RDR_XfrBlock_SAM  ccid.o
    0x080083c0   0x00000024   Code   RO         2093    i.PMAToUserBufferCopy  usb_mem.o
    0x080083e4   0x00000002   Code   RO         2851    i.PendSV_Handler    stm32f10x_it.o
    0x080083e6   0x00000002   PAD
    0x080083e8   0x00000048   Code   RO         1886    i.Post0_Process     usb_core.o
    0x08008430   0x0000002c   Code   RO         4109    i.PowerOff          usb_pwr.o
    0x0800845c   0x00000050   Code   RO         4110    i.PowerOn           usb_pwr.o
    0x080084ac   0x00000044   Code   RO         4769    i.ProcessUDiskWrite  usb_bot.o
    0x080084f0   0x000000b0   Code   RO         5833    i.PutDots           display.o
    0x080085a0   0x000000b0   Code   RO         5834    i.PutDots_all       display.o
    0x08008650   0x00000078   Code   RO         5835    i.PutString_Ex      display.o
    0x080086c8   0x00000020   Code   RO            2    i.RCC_AHBPeriphClockCmd  stm32f10x_rcc.o
    0x080086e8   0x00000020   Code   RO            3    i.RCC_APB1PeriphClockCmd  stm32f10x_rcc.o
    0x08008708   0x00000020   Code   RO            5    i.RCC_APB2PeriphClockCmd  stm32f10x_rcc.o
    0x08008728   0x00000054   Code   RO         2554    i.RCC_Configuration  main.o
    0x0800877c   0x000000d4   Code   RO           13    i.RCC_GetClocksFreq  stm32f10x_rcc.o
    0x08008850   0x0000000c   Code   RO           31    i.RCC_USBCLKConfig  stm32f10x_rcc.o
    0x0800885c   0x0000004c   Code   RO         3344    i.RDR_to_PC_DataBlock  ccid.o
    0x080088a8   0x000000a4   Code   RO         3345    i.RDR_to_PC_Escape  ccid.o
    0x0800894c   0x000000a0   Code   RO         3346    i.RDR_to_PC_Parameters  ccid.o
    0x080089ec   0x00000064   Code   RO         3347    i.RDR_to_PC_SlotStatus  ccid.o
    0x08008a50   0x00000108   Code   RO         5172    i.Read_Memory       memory.o
    0x08008b58   0x00000028   Code   RO         5113    i.ResetContactlessDebug  mem.o
    0x08008b80   0x00000030   Code   RO         5006    i.Reset_Device      cmd.o
    0x08008bb0   0x000000c0   Code   RO         4111    i.Resume            usb_pwr.o
    0x08008c70   0x00000028   Code   RO         4112    i.Resume_Init       usb_pwr.o
    0x08008c98   0x0000003c   Code   RO         4237    i.RxByte            usart.o
    0x08008cd4   0x00000074   Code   RO         4239    i.RxByte_FingerPrint  usart.o
    0x08008d48   0x0000002c   Code   RO         4240    i.RxData            usart.o
    0x08008d74   0x0000001c   Code   RO         4241    i.RxDataCOM         usart.o
    0x08008d90   0x0000008c   Code   RO         4846    i.SCSI_Address_Management  usb_scsi.o
    0x08008e1c   0x0000000e   Code   RO         4847    i.SCSI_Format_Cmd   usb_scsi.o
    0x08008e2a   0x00000002   PAD
    0x08008e2c   0x0000002c   Code   RO         4848    i.SCSI_Inquiry_Cmd  usb_scsi.o
    0x08008e58   0x00000044   Code   RO         4849    i.SCSI_Invalid_Cmd  usb_scsi.o
    0x08008e9c   0x00000014   Code   RO         4850    i.SCSI_ModeSense10_Cmd  usb_scsi.o
    0x08008eb0   0x00000014   Code   RO         4851    i.SCSI_ModeSense6_Cmd  usb_scsi.o
    0x08008ec4   0x00000064   Code   RO         4852    i.SCSI_Read10_Cmd   usb_scsi.o
    0x08008f28   0x00000034   Code   RO         4853    i.SCSI_ReadCapacity10_Cmd  usb_scsi.o
    0x08008f5c   0x00000040   Code   RO         4854    i.SCSI_ReadFormatCapacity_Cmd  usb_scsi.o
    0x08008f9c   0x00000028   Code   RO         4855    i.SCSI_RequestSense_Cmd  usb_scsi.o
    0x08008fc4   0x0000000e   Code   RO         4856    i.SCSI_Start_Stop_Unit_Cmd  usb_scsi.o
    0x08008fd2   0x0000000e   Code   RO         4857    i.SCSI_TestUnitReady_Cmd  usb_scsi.o
    0x08008fe0   0x00000040   Code   RO         4859    i.SCSI_Verify10_Cmd  usb_scsi.o
    0x08009020   0x00000078   Code   RO         4860    i.SCSI_Write10_Cmd  usb_scsi.o
    0x08009098   0x00000026   Code   RO         5233    i.SD_GetCSD         spi_sd_driver.o
    0x080090be   0x00000094   Code   RO         5234    i.SD_GetCapacity    spi_sd_driver.o
    0x08009152   0x00000002   PAD
    0x08009154   0x000001e0   Code   RO         5235    i.SD_Init           spi_sd_driver.o
    0x08009334   0x00000044   Code   RO         5236    i.SD_ReadSingleBlock  spi_sd_driver.o
    0x08009378   0x00000088   Code   RO         5237    i.SD_ReceiveData    spi_sd_driver.o
    0x08009400   0x00000078   Code   RO         5238    i.SD_SendCommand    spi_sd_driver.o
    0x08009478   0x00000068   Code   RO         5239    i.SD_SendCommand_NoDeassert  spi_sd_driver.o
    0x080094e0   0x000000d0   Code   RO         5241    i.SD_WriteSingleBlock  spi_sd_driver.o
    0x080095b0   0x000002f8   Code   RO         3092    i.SMS4Crypt         sms4.o
    0x080098a8   0x00000022   Code   RO         3093    i.SMS4DeCrypt       sms4.o
    0x080098ca   0x00000022   Code   RO         3094    i.SMS4EnCrypt       sms4.o
    0x080098ec   0x000002d4   Code   RO         3095    i.SMS4KeyExt        sms4.o
    0x08009bc0   0x000000a8   Code   RO         3096    i.SMS4_Decrypt      sms4.o
    0x08009c68   0x000000a8   Code   RO         3097    i.SMS4_Encrypt      sms4.o
    0x08009d10   0x0000008c   Code   RO         5416    i.SM_2B_SendFree    ts36ebg.o
    0x08009d9c   0x0000001c   Code   RO         2559    i.SOLT_init         main.o
    0x08009db8   0x0000001c   Code   RO         2560    i.SOLT_init_sam     main.o
    0x08009dd4   0x00000018   Code   RO         1275    i.SPI_Cmd           stm32f10x_spi.o
    0x08009dec   0x0000005c   Code   RO         5242    i.SPI_Configuration_SD  spi_sd_driver.o
    0x08009e48   0x0000001c   Code   RO         5566    i.SPI_Delay         spi1flashdriver.o
    0x08009e64   0x00000014   Code   RO         4154    i.SPI_FRAME_END     spi.o
    0x08009e78   0x00000014   Code   RO         4155    i.SPI_FRAME_START   spi.o
    0x08009e8c   0x000000ec   Code   RO         5567    i.SPI_Flash_Init    spi1flashdriver.o
    0x08009f78   0x0000010c   Code   RO         5568    i.SPI_Flash_Init_ISU256  spi1flashdriver.o
    0x0800a084   0x0000000a   Code   RO         5569    i.SPI_Flash_ReadByte  spi1flashdriver.o
    0x0800a08e   0x00000002   PAD
    0x0800a090   0x00000038   Code   RO         5570    i.SPI_Flash_SendByte  spi1flashdriver.o
    0x0800a0c8   0x00000054   Code   RO         5571    i.SPI_Flash_SendByte_w  spi1flashdriver.o
    0x0800a11c   0x00000070   Code   RO         5243    i.SPI_GPIO          spi_sd_driver.o
    0x0800a18c   0x00000012   Code   RO         1283    i.SPI_I2S_GetFlagStatus  stm32f10x_spi.o
    0x0800a19e   0x00000006   Code   RO         1286    i.SPI_I2S_ReceiveData  stm32f10x_spi.o
    0x0800a1a4   0x00000004   Code   RO         1287    i.SPI_I2S_SendData  stm32f10x_spi.o
    0x0800a1a8   0x0000003c   Code   RO         1288    i.SPI_Init          stm32f10x_spi.o
    0x0800a1e4   0x000000f8   Code   RO         4156    i.SPI_Init_GPIO     spi.o
    0x0800a2dc   0x0000003c   Code   RO         5244    i.SPI_ReadWriteByte  spi_sd_driver.o
    0x0800a318   0x0000004c   Code   RO         4157    i.SPI_RecvBuff      spi.o
    0x0800a364   0x00000018   Code   RO         1290    i.SPI_SSOutputCmd   stm32f10x_spi.o
    0x0800a37c   0x00000050   Code   RO         4158    i.SPI_SendBuff      spi.o
    0x0800a3cc   0x00000058   Code   RO         5245    i.SPI_SetSpeed      spi_sd_driver.o
    0x0800a424   0x00000018   Code   RO         5572    i.SPI_recieveNByte  spi1flashdriver.o
    0x0800a43c   0x00000018   Code   RO         5573    i.SPI_sendNByte     spi1flashdriver.o
    0x0800a454   0x00000002   Code   RO         2852    i.SVC_Handler       stm32f10x_it.o
    0x0800a456   0x00000104   Code   RO         3044    i.SaveKey           managekey.o
    0x0800a55a   0x00000002   PAD
    0x0800a55c   0x00000024   Code   RO         5664    i.Select_Flash      spi_flash.o
    0x0800a580   0x0000008c   Code   RO         4770    i.SendUSBBotDataService  usb_bot.o
    0x0800a60c   0x00000010   Code   RO         2141    i.SetBTABLE         usb_regs.o
    0x0800a61c   0x00000042   Code   RO         5114    i.SetBootMode       mem.o
    0x0800a65e   0x00000002   PAD
    0x0800a660   0x00000028   Code   RO         4956    i.SetCWBotDataLenAndSCSI_BlkLen  usb_support.o
    0x0800a688   0x00000010   Code   RO         4957    i.SetCWBotrecievePtr  usb_support.o
    0x0800a698   0x0000004c   Code   RO         1887    i.SetDeviceAddress  usb_core.o
    0x0800a6e4   0x00000024   Code   RO         2155    i.SetEPRxAddr       usb_regs.o
    0x0800a708   0x00000050   Code   RO         2156    i.SetEPRxCount      usb_regs.o
    0x0800a758   0x0000003c   Code   RO         2157    i.SetEPRxStatus     usb_regs.o
    0x0800a794   0x0000002c   Code   RO         2158    i.SetEPRxValid      usb_regs.o
    0x0800a7c0   0x00000020   Code   RO         2159    i.SetEPTxAddr       usb_regs.o
    0x0800a7e0   0x00000020   Code   RO         2160    i.SetEPTxCount      usb_regs.o
    0x0800a800   0x0000003c   Code   RO         2161    i.SetEPTxStatus     usb_regs.o
    0x0800a83c   0x00000024   Code   RO         2163    i.SetEPType         usb_regs.o
    0x0800a860   0x00000008   Code   RO         2503    i.SetSysClock       system_stm32f10x.o
    0x0800a868   0x000000d0   Code   RO         2504    i.SetSysClockTo72   system_stm32f10x.o
    0x0800a938   0x0000003c   Code   RO         4771    i.Set_CSW           usb_bot.o
    0x0800a974   0x0000000c   Code   RO         4861    i.Set_Scsi_Sense_Data  usb_scsi.o
    0x0800a980   0x00000012   Code   RO         3655    i.Set_USBClock      hw_config.o
    0x0800a992   0x00000002   PAD
    0x0800a994   0x00000034   Code   RO         2561    i.Set_outkey        main.o
    0x0800a9c8   0x000000b0   Code   RO         1888    i.Setup0_Process    usb_core.o
    0x0800aa78   0x00000064   Code   RO         3198    i.ShowBT            lcd_show.o
    0x0800aadc   0x0000009a   Code   RO         3199    i.ShowCharsLine     lcd_show.o
    0x0800ab76   0x00000002   PAD
    0x0800ab78   0x00000034   Code   RO         5836    i.ShowContectCard   display.o
    0x0800abac   0x00000040   Code   RO         5837    i.ShowContectOrlessCard  display.o
    0x0800abec   0x00000030   Code   RO         5838    i.ShowContectlessCard  display.o
    0x0800ac1c   0x0000001c   Code   RO         5839    i.ShowDefault       display.o
    0x0800ac38   0x00000034   Code   RO         5840    i.ShowFinger        display.o
    0x0800ac6c   0x00000040   Code   RO         5841    i.ShowIDCard        display.o
    0x0800acac   0x00000030   Code   RO         5842    i.ShowKeyPad        display.o
    0x0800acdc   0x00000428   Code   RO         3200    i.ShowLcdOnePicture  lcd_show.o
    0x0800b104   0x00000070   Code   RO         3201    i.ShowLowPower      lcd_show.o
    0x0800b174   0x00000040   Code   RO         5843    i.ShowMagCard       display.o
    0x0800b1b4   0x00000034   Code   RO         5844    i.ShowMagCardOrContectCard  display.o
    0x0800b1e8   0x00000044   Code   RO         5845    i.ShowMagOrContectOrlessCard  display.o
    0x0800b22c   0x000000dc   Code   RO         3202    i.ShowPinCode       lcd_show.o
    0x0800b308   0x00000064   Code   RO         3203    i.ShowUSB           lcd_show.o
    0x0800b36c   0x0000002c   Code   RO         5665    i.Spi_Chip_Erase    spi_flash.o
    0x0800b398   0x00000154   Code   RO         1889    i.Standard_ClearFeature  usb_core.o
    0x0800b4ec   0x0000002c   Code   RO         1890    i.Standard_GetConfiguration  usb_core.o
    0x0800b518   0x00000024   Code   RO         1891    i.Standard_GetDescriptorData  usb_core.o
    0x0800b53c   0x0000002c   Code   RO         1892    i.Standard_GetInterface  usb_core.o
    0x0800b568   0x00000014   Code   RO         1893    i.Standard_GetMaxLun  usb_core.o
    0x0800b57c   0x000000dc   Code   RO         1894    i.Standard_GetStatus  usb_core.o
    0x0800b658   0x00000048   Code   RO         1895    i.Standard_SetConfiguration  usb_core.o
    0x0800b6a0   0x00000028   Code   RO         1896    i.Standard_SetDeviceFeature  usb_core.o
    0x0800b6c8   0x000000c4   Code   RO         1897    i.Standard_SetEndPointFeature  usb_core.o
    0x0800b78c   0x0000006c   Code   RO         1898    i.Standard_SetInterface  usb_core.o
    0x0800b7f8   0x00000030   Code   RO         4113    i.Suspend           usb_pwr.o
    0x0800b828   0x000000f8   Code   RO         2853    i.SysTick_Handler   stm32f10x_it.o
    0x0800b920   0x0000005c   Code   RO         2505    i.SystemInit        system_stm32f10x.o
    0x0800b97c   0x00000018   Code   RO         6307    i.THM_ChangeProtBaud  thm3070.o
    0x0800b994   0x0000000c   Code   RO         6121    i.THM_DIs_2Tx       iso14443.o
    0x0800b9a0   0x0000003c   Code   RO         6122    i.THM_En_2Tx        iso14443.o
    0x0800b9dc   0x0000000c   Code   RO         6309    i.THM_EnableEMV     thm3070.o
    0x0800b9e8   0x0000002a   Code   RO         6310    i.THM_ReadReg       thm3070.o
    0x0800ba12   0x0000000c   Code   RO         6311    i.THM_Reset         thm3070.o
    0x0800ba1e   0x00000050   Code   RO         6312    i.THM_SendFrame     thm3070.o
    0x0800ba6e   0x00000024   Code   RO         6313    i.THM_SetFWT        thm3070.o
    0x0800ba92   0x00000004   Code   RO         6123    i.THM_TestReady     iso14443.o
    0x0800ba96   0x000000b0   Code   RO         6314    i.THM_WaitReadFrame  thm3070.o
    0x0800bb46   0x00000024   Code   RO         6315    i.THM_WriteReg      thm3070.o
    0x0800bb6a   0x00000002   PAD
    0x0800bb6c   0x00000044   Code   RO         3556    i.TIM3_IRQHandler   times.o
    0x0800bbb0   0x000000a0   Code   RO         3255    i.TIM5_IRQHandler   ifd.o
    0x0800bc50   0x00000006   Code   RO          416    i.TIM_ClearITPendingBit  stm32f10x_tim.o
    0x0800bc56   0x00000018   Code   RO          421    i.TIM_Cmd           stm32f10x_tim.o
    0x0800bc6e   0x00000022   Code   RO          442    i.TIM_GetITStatus   stm32f10x_tim.o
    0x0800bc90   0x00000018   Code   RO          446    i.TIM_ITConfig      stm32f10x_tim.o
    0x0800bca8   0x0000003c   Code   RO          492    i.TIM_TimeBaseInit  stm32f10x_tim.o
    0x0800bce4   0x00000004   Code   RO         3348    i.Test_ICCReady     ccid.o
    0x0800bce8   0x00000060   Code   RO         3256    i.Time5Config       ifd.o
    0x0800bd48   0x00000038   Code   RO         4772    i.Transfer_Data_Request  usb_bot.o
    0x0800bd80   0x0000002a   Code   RO         4242    i.TxByte            usart.o
    0x0800bdaa   0x00000024   Code   RO         4243    i.TxData            usart.o
    0x0800bdce   0x00000002   PAD
    0x0800bdd0   0x00000018   Code   RO         4244    i.TxDataCOM         usart.o
    0x0800bde8   0x0000002c   Code   RO         4245    i.TxSendByte        usart.o
    0x0800be14   0x00000002   Code   RO         2854    i.UART4_IRQHandler  stm32f10x_it.o
    0x0800be16   0x00000002   PAD
    0x0800be18   0x00000010   Code   RO         2855    i.UART5_IRQHandler  stm32f10x_it.o
    0x0800be28   0x00000010   Code   RO         2856    i.USART1_IRQHandler  stm32f10x_it.o
    0x0800be38   0x00000010   Code   RO         2857    i.USART2_IRQHandler  stm32f10x_it.o
    0x0800be48   0x00000002   Code   RO         2858    i.USART3_IRQHandler  stm32f10x_it.o
    0x0800be4a   0x00000006   Code   RO          953    i.USART_ClearFlag   stm32f10x_usart.o
    0x0800be50   0x00000018   Code   RO          957    i.USART_Cmd         stm32f10x_usart.o
    0x0800be68   0x00000012   Code   RO          960    i.USART_GetFlagStatus  stm32f10x_usart.o
    0x0800be7a   0x0000004c   Code   RO          961    i.USART_GetITStatus  stm32f10x_usart.o
    0x0800bec6   0x00000040   Code   RO          963    i.USART_ITConfig    stm32f10x_usart.o
    0x0800bf06   0x00000002   PAD
    0x0800bf08   0x0000009c   Code   RO          964    i.USART_Init        stm32f10x_usart.o
    0x0800bfa4   0x0000000a   Code   RO          969    i.USART_ReceiveData  stm32f10x_usart.o
    0x0800bfae   0x00000008   Code   RO          972    i.USART_SendData    stm32f10x_usart.o
    0x0800bfb6   0x00000002   PAD
    0x0800bfb8   0x000000e0   Code   RO         4246    i.USARTx_IRQProcess  usart.o
    0x0800c098   0x00000002   Code   RO         3656    i.USB_Cable_Config  hw_config.o
    0x0800c09a   0x00000002   PAD
    0x0800c09c   0x00000050   Code   RO         3954    i.USB_Class_Data_Setup  usb_prop.o
    0x0800c0ec   0x0000003c   Code   RO         2040    i.USB_Init          usb_init.o
    0x0800c128   0x00000048   Code   RO         3657    i.USB_Interrupts_Config  hw_config.o
    0x0800c170   0x000000fc   Code   RO         3908    i.USB_Istr          usb_istr.o
    0x0800c26c   0x00000008   Code   RO         2860    i.USB_LP_CAN1_RX0_IRQHandler  stm32f10x_it.o
    0x0800c274   0x0000002e   Code   RO         2472    i.USB_SIL_Read      usb_sil.o
    0x0800c2a2   0x0000002e   Code   RO         2473    i.USB_SIL_Write     usb_sil.o
    0x0800c2d0   0x000000e0   Code   RO         5846    i.UTF8ToUnicode     display.o
    0x0800c3b0   0x00000004   Code   RO         2861    i.UsageFault_Handler  stm32f10x_it.o
    0x0800c3b4   0x00000038   Code   RO         2094    i.UserToPMABufferCopy  usb_mem.o
    0x0800c3ec   0x000000e0   Code   RO         5417    i.WEL_CheckFingerExist  ts36ebg.o
    0x0800c4cc   0x00000030   Code   RO         5418    i.WEL_FromTransforSequence  ts36ebg.o
    0x0800c4fc   0x0000001c   Code   RO         5419    i.WEL_Init          ts36ebg.o
    0x0800c518   0x0000001c   Code   RO         5420    i.WEL_Init_Image    ts36ebg.o
    0x0800c534   0x00000054   Code   RO         5421    i.WEL_RecieveData   ts36ebg.o
    0x0800c588   0x00000020   Code   RO         5422    i.WEL_SendData      ts36ebg.o
    0x0800c5a8   0x00000034   Code   RO         5423    i.WEL_ToTransforSequence  ts36ebg.o
    0x0800c5dc   0x00000010   Code   RO         2862    i.WWDG_IRQHandler   stm32f10x_it.o
    0x0800c5ec   0x0000000c   Code   RO         4959    i.WordHtoL          usb_support.o
    0x0800c5f8   0x00000002   Code   RO         5173    i.Write_Memory      memory.o
    0x0800c5fa   0x0000000e   Code   RO         6397    i.__scatterload_copy  mc_w.l(handlers.o)(mc_w.l)
    0x0800c608   0x00000002   Code   RO         6398    i.__scatterload_null  mc_w.l(handlers.o)(mc_w.l)
    0x0800c60a   0x0000000e   Code   RO         6399    i.__scatterload_zeroinit  mc_w.l(handlers.o)(mc_w.l)
    0x0800c618   0x0000003c   Code   RO         2562    i.ad_get            main.o
    0x0800c654   0x00000028   Code   RO         3557    i.beep_con          times.o
    0x0800c67c   0x00000014   Code   RO         3559    i.beep_off          times.o
    0x0800c690   0x00000034   Code   RO         3560    i.beep_on           times.o
    0x0800c6c4   0x0000003a   Code   RO         2979    i.bit2byte          des_fun.o
    0x0800c6fe   0x0000003c   Code   RO         2980    i.byte2bit          des_fun.o
    0x0800c73a   0x00000020   Code   RO         6124    i.checkBCC          iso14443.o
    0x0800c75a   0x00000002   PAD
    0x0800c75c   0x00000038   Code   RO         4510    i.clk_gpio_config   v_sam.o
    0x0800c794   0x0000001c   Code   RO         3257    i.close_time5_isr   ifd.o
    0x0800c7b0   0x00000068   Code   RO         5007    i.cmd_0000          cmd.o
    0x0800c818   0x00000128   Code   RO         5008    i.cmd_0084          cmd.o
    0x0800c940   0x00001b38   Code   RO         5009    i.cmd_F000          cmd.o
    0x0800e478   0x0000022c   Code   RO         5010    i.cmd_F001          cmd.o
    0x0800e6a4   0x00000148   Code   RO         5201    i.cmd_F002          bluetooth.o
    0x0800e7ec   0x0000000e   Code   RO         1144    i.delay             stm32f10x_flash.o
    0x0800e7fa   0x0000001c   Code   RO         6125    i.delay_ms1         iso14443.o
    0x0800e816   0x0000000a   Code   RO         4387    i.delay_ms_g        magcardttl.o
    0x0800e820   0x00000018   Code   RO         5115    i.eflash_read       mem.o
    0x0800e838   0x00000048   Code   RO         5116    i.eflash_sector_program  mem.o
    0x0800e880   0x00000030   Code   RO         6071    i.end_adc           ad.o
    0x0800e8b0   0x00000014   Code   RO         4513    i.for_us            v_sam.o
    0x0800e8c4   0x000000c6   Code   RO         5011    i.getPinBlock       cmd.o
    0x0800e98a   0x00000002   PAD
    0x0800e98c   0x00000178   Code   RO         2563    i.get_key           main.o
    0x0800eb04   0x0000000c   Code   RO         2564    i.init              main.o
    0x0800eb10   0x00000094   Code   RO         6126    i.initPICC          iso14443.o
    0x0800eba4   0x00000002   Code   RO         2565    i.init_led          main.o
    0x0800eba6   0x00000002   PAD
    0x0800eba8   0x00000044   Code   RO         4515    i.init_sam_v        v_sam.o
    0x0800ebec   0x00000064   Code   RO         4516    i.init_sam_v_gpio   v_sam.o
    0x0800ec50   0x00000016   Code   RO         4161    i.init_spix         spi.o
    0x0800ec66   0x00000002   PAD
    0x0800ec68   0x0000006c   Code   RO         4162    i.init_spix_config  spi.o
    0x0800ecd4   0x0000007c   Code   RO         4163    i.init_spix_gpio    spi.o
    0x0800ed50   0x0000001c   Code   RO         4247    i.init_usartx       usart.o
    0x0800ed6c   0x00000016   Code   RO         4248    i.init_usartx_c     usart.o
    0x0800ed82   0x00000016   Code   RO         4249    i.init_usartx_cc    usart.o
    0x0800ed98   0x0000003e   Code   RO         4250    i.init_usartx_config  usart.o
    0x0800edd6   0x0000003e   Code   RO         4251    i.init_usartx_config_c  usart.o
    0x0800ee14   0x00000044   Code   RO         4252    i.init_usartx_config_c_2stopbit  usart.o
    0x0800ee58   0x00000188   Code   RO         4253    i.init_usartx_gpio  usart.o
    0x0800efe0   0x000000a0   Code   RO         4254    i.init_usartx_nvic  usart.o
    0x0800f080   0x00000020   Code   RO         3729    i.init_usb          usb_ccid.o
    0x0800f0a0   0x0000002c   Code   RO         2566    i.init_usb_ctl      main.o
    0x0800f0cc   0x000000e8   Code   RO         2567    i.key_init          main.o
    0x0800f1b4   0x0000015c   Code   RO         2981    i.keychange         des_fun.o
    0x0800f310   0x00000002   Code   RO         2568    i.led1_off          main.o
    0x0800f312   0x00000002   Code   RO         2570    i.led2_off          main.o
    0x0800f314   0x00000002   Code   RO         2571    i.led2_on           main.o
    0x0800f316   0x00000002   Code   RO         2573    i.led3_on           main.o
    0x0800f318   0x00000002   Code   RO         2574    i.led4_off          main.o
    0x0800f31a   0x00000002   Code   RO         2575    i.led4_on           main.o
    0x0800f31c   0x00000002   Code   RO         2576    i.led5_off          main.o
    0x0800f31e   0x00000002   Code   RO         2577    i.led5_on           main.o
    0x0800f320   0x00000002   Code   RO         2578    i.led6_off          main.o
    0x0800f322   0x00000002   PAD
    0x0800f324   0x00000070   Code   RO         4388    i.mag_fail          magcardttl.o
    0x0800f394   0x00000014   Code   RO         4389    i.mag_flag          magcardttl.o
    0x0800f3a8   0x000000c4   Code   RO         4390    i.mag_init          magcardttl.o
    0x0800f46c   0x000000fc   Code   RO         2580    i.main              main.o
    0x0800f568   0x00000018   Code   RO         3349    i.memcpy            ccid.o
    0x0800f580   0x0000001c   Code   RO         3258    i.open_time5_isr    ifd.o
    0x0800f59c   0x0000001c   Code   RO         4255    i.process_usart_tmsg  usart.o
    0x0800f5b8   0x00000088   Code   RO         4517    i.read_id_info      v_sam.o
    0x0800f640   0x000001d8   Code   RO         4519    i.read_rec          v_sam.o
    0x0800f818   0x0000007c   Code   RO         6127    i.recvBlock         iso14443.o
    0x0800f894   0x00000024   Code   RO         2581    i.resetbebug        main.o
    0x0800f8b8   0x00000090   Code   RO         4391    i.reverse           magcardttl.o
    0x0800f948   0x000000a8   Code   RO         6128    i.rfid_tx_rx        iso14443.o
    0x0800f9f0   0x000001c8   Code   RO         2982    i.s_replace         des_fun.o
    0x0800fbb8   0x00000054   Code   RO         4521    i.sam_rfid          v_sam.o
    0x0800fc0c   0x00000054   Code   RO         4522    i.sam_rfid1         v_sam.o
    0x0800fc60   0x00000054   Code   RO         4523    i.sam_rfid2         v_sam.o
    0x0800fcb4   0x000000c8   Code   RO         4524    i.sam_uartIRQProcess  v_sam.o
    0x0800fd7c   0x00000058   Code   RO         4527    i.sam_v_info        v_sam.o
    0x0800fdd4   0x00000048   Code   RO         4531    i.sam_v_req         v_sam.o
    0x0800fe1c   0x00000030   Code   RO         4532    i.sam_v_reset       v_sam.o
    0x0800fe4c   0x000000e0   Code   RO         4533    i.sam_v_rmsg        v_sam.o
    0x0800ff2c   0x00000048   Code   RO         4534    i.sam_v_select      v_sam.o
    0x0800ff74   0x00000038   Code   RO         4535    i.sam_v_set_frame_size  v_sam.o
    0x0800ffac   0x000000ac   Code   RO         4538    i.sam_v_tmsg        v_sam.o
    0x08010058   0x00000038   Code   RO         4539    i.sda_gpio_config   v_sam.o
    0x08010090   0x00000068   Code   RO         6129    i.search_card       iso14443.o
    0x080100f8   0x0000004c   Code   RO         6130    i.search_typea      iso14443.o
    0x08010144   0x00000026   Code   RO         6131    i.search_typeb      iso14443.o
    0x0801016a   0x00000002   PAD
    0x0801016c   0x00000104   Code   RO         6132    i.sendAC            iso14443.o
    0x08010270   0x00000078   Code   RO         6133    i.sendBlock         iso14443.o
    0x080102e8   0x00000030   Code   RO         5666    i.spi_ReadStatusRegister  spi_flash.o
    0x08010318   0x00000024   Code   RO         5667    i.spi_WriteEnable   spi_flash.o
    0x0801033c   0x000000a0   Code   RO         6072    i.start_adc         ad.o
    0x080103dc   0x00000158   Code   RO         4392    i.track2check       magcardttl.o
    0x08010534   0x0000014c   Code   RO         4393    i.track3check       magcardttl.o
    0x08010680   0x0000000a   Code   RO         5517    i.udisk_erasechip   usb_disk.o
    0x0801068a   0x00000002   PAD
    0x0801068c   0x00000050   Code   RO         5519    i.udisk_read        usb_disk.o
    0x080106dc   0x00000064   Code   RO         5520    i.udisk_write       usb_disk.o
    0x08010740   0x00000018   Code   RO         2582    i.usb_ctl_off       main.o
    0x08010758   0x00000018   Code   RO         2583    i.usb_ctl_on        main.o
    0x08010770   0x0000012c   Code   RO         3731    i.usb_rev_data1     usb_ccid.o
    0x0801089c   0x00000168   Code   RO         4543    i.write_rec         v_sam.o
    0x08010a04   0x00000014   Data   RO         2506    .constdata          system_stm32f10x.o
    0x08010a18   0x000009e0   Data   RO         2983    .constdata          des_fun.o
    0x080113f8   0x00000180   Data   RO         3098    .constdata          sms4.o
    0x08011578   0x00003c70   Data   RO         3204    .constdata          lcd_show.o
    0x080151e8   0x00000127   Data   RO         3798    .constdata          usb_desc.o
    0x0801530f   0x0000014a   Data   RO         5012    .constdata          cmd.o
    0x08015459   0x00000001   PAD
    0x0801545a   0x00000050   Data   RO         5091    .constdata          mainfile.o
    0x080154aa   0x00000ca0   Data   RO         5855    .constdata          display.o
    0x0801614a   0x00000002   PAD
    0x0801614c   0x00000020   Data   RO         6395    Region$$Table       anon$$obj.o


    Execution Region RW_IRAM1 (Base: 0x20000000, Size: 0x0000ae48, Max: 0x0000c000, ABSOLUTE, COMPRESSED[0x000001c0])

    Base Addr    Size         Type   Attr      Idx    E Section Name        Object

    0x20000000   0x00000014   Data   RW           33    .data               stm32f10x_rcc.o
    0x20000014   0x00000006   Data   RW         1900    .data               usb_core.o
    0x2000001a   0x00000002   PAD
    0x2000001c   0x00000014   Data   RW         2042    .data               usb_init.o
    0x20000030   0x00000004   Data   RW         2065    .data               usb_int.o
    0x20000034   0x00000001   Data   RW         2584    .data               main.o
    0x20000035   0x00000003   PAD
    0x20000038   0x00000009   Data   RW         2863    .data               stm32f10x_it.o
    0x20000041   0x00000001   Data   RW         3045    .data               managekey.o
    0x20000042   0x00000004   Data   RW         3259    .data               ifd.o
    0x20000046   0x00000002   PAD
    0x20000048   0x0000009b   Data   RW         3351    .data               ccid.o
    0x200000e3   0x00000001   PAD
    0x200000e4   0x0000000d   Data   RW         3570    .data               times.o
    0x200000f1   0x0000000c   Data   RW         3734    .data               usb_ccid.o
    0x200000fd   0x00000003   PAD
    0x20000100   0x00000040   Data   RW         3799    .data               usb_desc.o
    0x20000140   0x0000003e   Data   RW         3909    .data               usb_istr.o
    0x2000017e   0x00000002   PAD
    0x20000180   0x00000070   Data   RW         3955    .data               usb_prop.o
    0x200001f0   0x00000007   Data   RW         4114    .data               usb_pwr.o
    0x200001f7   0x00000001   PAD
    0x200001f8   0x0000000d   Data   RW         4256    .data               usart.o
    0x20000205   0x00000003   PAD
    0x20000208   0x0000000c   Data   RW         4395    .data               magcardttl.o
    0x20000214   0x00000014   Data   RW         4545    .data               v_sam.o
    0x20000228   0x00000020   Data   RW         4735    .data               mass_mal.o
    0x20000248   0x0000007f   Data   RW         4753    .data               scsi_data.o
    0x200002c7   0x00000001   PAD
    0x200002c8   0x00000021   Data   RW         4774    .data               usb_bot.o
    0x200002e9   0x00000003   PAD
    0x200002ec   0x00000028   Data   RW         5013    .data               cmd.o
    0x20000314   0x00000010   Data   RW         5075    .data               globle.o
    0x20000324   0x00000001   Data   RW         5117    .data               mem.o
    0x20000325   0x00000003   PAD
    0x20000328   0x0000001c   Data   RW         5175    .data               memory.o
    0x20000344   0x00000001   Data   RW         5246    .data               spi_sd_driver.o
    0x20000345   0x00000003   PAD
    0x20000348   0x0000000c   Data   RW         5426    .data               ts36ebg.o
    0x20000354   0x00000007   Data   RW         5576    .data               spi1flashdriver.o
    0x2000035b   0x00000006   Data   RW         5668    .data               spi_flash.o
    0x20000361   0x00000003   PAD
    0x20000364   0x0000005c   Data   RW         5856    .data               display.o
    0x200003c0   0x00000002   Data   RW         6073    .data               ad.o
    0x200003c2   0x0000002c   Data   RW         6135    .data               iso14443.o
    0x200003ee   0x00000002   PAD
    0x200003f0   0x0000001c   Zero   RW         2041    .bss                usb_init.o
    0x2000040c   0x00000a0b   Zero   RW         3350    .bss                ccid.o
    0x20000e17   0x00000001   PAD
    0x20000e18   0x00000240   Zero   RW         3733    .bss                usb_ccid.o
    0x20001058   0x000001ae   Zero   RW         4394    .bss                magcardttl.o
    0x20001206   0x00000ae0   Zero   RW         4544    .bss                v_sam.o
    0x20001ce6   0x00000002   PAD
    0x20001ce8   0x000000a0   Zero   RW         4773    .bss                usb_bot.o
    0x20001d88   0x00000010   Zero   RW         4862    .bss                usb_scsi.o
    0x20001d98   0x000044a2   Zero   RW         5074    .bss                globle.o
    0x2000623a   0x00000002   PAD
    0x2000623c   0x00000200   Zero   RW         5174    .bss                memory.o
    0x2000643c   0x00000200   Zero   RW         5521    .bss                usb_disk.o
    0x2000663c   0x0000000b   Zero   RW         6134    .bss                iso14443.o
    0x20006647   0x00000001   PAD
    0x20006648   0x00004800   Zero   RW         2495    STACK               startup_stm32f10x_hd.o


==============================================================================

Image component sizes


      Code (inc. data)   RO Data    RW Data    ZI Data      Debug   Object Name

       428         38          0          2          0          0   ad.o
       948         74          0          0          0          0   bluetooth.o
      3060        322          0        155       2571          0   ccid.o
      8218        378        330         40          0          0   cmd.o
      2362         40       2528          0          0          0   des_fun.o
      1928        342       3232         92          0          0   display.o
         0          0          0         16      17570          0   globle.o
       136         14          0          0          0          0   hw_config.o
       420         40          0          4          0          0   ifd.o
       378          6          0          0          0          0   is8u256adriver.o
      4226         78          0         44         11          0   iso14443.o
       588         28          0          0          0          0   lcd.o
      1864         56      15472          0          0          0   lcd_show.o
      2482        188          0         12        430          0   magcardttl.o
      1928        158          0          1          0          0   main.o
       124         14         80          0          0          0   mainfile.o
       836         14          0          1          0          0   managekey.o
         0          0          0         32          0          0   mass_mal.o
       512         34          0          1          0          0   mem.o
       266         36          0         28        512          0   memory.o
       172         32          0          0          0          0   misc.o
         0          0          0        127          0          0   scsi_data.o
      1888         28        384          0          0          0   sms4.o
       698         54          0          0          0          0   spi.o
       938         62          0          7          0          0   spi1flashdriver.o
       440         50          0          6          0          0   spi_flash.o
      1654         62          0          1          0          0   spi_sd_driver.o
        48         12        304          0      18432          0   startup_stm32f10x_hd.o
       398         10          0          0          0          0   stm32f10x_adc.o
       418         20          0          0          0          0   stm32f10x_dma.o
       260         30          0          0          0          0   stm32f10x_exti.o
       332         32          0          0          0          0   stm32f10x_flash.o
       374          4          0          0          0          0   stm32f10x_gpio.o
       364         68          0          9          0          0   stm32f10x_it.o
        68         30          0          0          0          0   stm32f10x_iwdg.o
       320         44          0         20          0          0   stm32f10x_rcc.o
       136          0          0          0          0          0   stm32f10x_spi.o
       148         10          0          0          0          0   stm32f10x_tim.o
       362          6          0          0          0          0   stm32f10x_usart.o
       308         24         20          0          0          0   system_stm32f10x.o
       418          0          0          0          0          0   thm3070.o
       180         16          0         13          0          0   times.o
       968         60          0         12          0          0   ts36ebg.o
      1462        106          0         13          0          0   usart.o
      2160        210          0         33        160          0   usb_bot.o
       332         36          0         12        576          0   usb_ccid.o
      3014        290          0          6          0          0   usb_core.o
         0          0        295         64          0          0   usb_desc.o
       220         26          0          0        512          0   usb_disk.o
        94          0          0          0          0          0   usb_endp.o
        60         24          0         20         28          0   usb_init.o
       648         38          0          4          0          0   usb_int.o
       252         24          0         62          0          0   usb_istr.o
        92          8          0          0          0          0   usb_mem.o
       602        102          0        112          0          0   usb_prop.o
       404         64          0          7          0          0   usb_pwr.o
       548         94          0          0          0          0   usb_regs.o
       786         94          0          0         16          0   usb_scsi.o
        92          0          0          0          0          0   usb_sil.o
       350         64          0          0          0          0   usb_support.o
      2476        112          0         20       2784          0   v_sam.o

    ----------------------------------------------------------------------
     55254       3806      22680       1008      43608          0   Object Totals
         0          0         32          0          0          0   (incl. Generated)
        66          0          3         32          6          3   (incl. Padding)

    ----------------------------------------------------------------------

      Code (inc. data)   RO Data    RW Data    ZI Data      Debug   Library Member Name

        92          0          0          0          0          0   __dczerorl2.o
         0          0          0          0          0          0   entry.o
         8          4          0          0          0          0   entry2.o
         4          0          0          0          0          0   entry5.o
         8          4          0          0          0          0   entry7.o
        30          0          0          0          0          0   handlers.o
        36          8          0          0          0          0   init.o
        36          0          0          0          0          0   memcpya.o
        38          0          0          0          0          0   memseta.o

    ----------------------------------------------------------------------
       254         16          0          0          0          0   Library Totals
         2          0          0          0          0          0   (incl. Padding)

    ----------------------------------------------------------------------

      Code (inc. data)   RO Data    RW Data    ZI Data      Debug   Library Name

       252         16          0          0          0        244   mc_w.l

    ----------------------------------------------------------------------
       254         16          0          0          0          0   Library Totals

    ----------------------------------------------------------------------

==============================================================================


      Code (inc. data)   RO Data    RW Data    ZI Data      Debug   

     55508       3822      22680       1008      43608     856936   Grand Totals
     55508       3822      22680        448      43608     856936   ELF Image Totals (compressed)
     55508       3822      22680        448          0          0   ROM Totals

==============================================================================

    Total RO  Size (Code + RO Data)                78188 (  76.36kB)
    Total RW  Size (RW Data + ZI Data)             44616 (  43.57kB)
    Total ROM Size (Code + RO Data + RW Data)      78636 (  76.79kB)

==============================================================================

